Archive member included to satisfy reference by file (symbol)

/home/jon/src/wt/ouro-gap-20260911/aot/build/libeigsrt.a(parser.o)
                              /tmp/ems-close-20260911/gc-controls/candidate.o (free_ast)
/home/jon/src/wt/ouro-gap-20260911/aot/build/libeigsrt.a(builtins.o)
                              /tmp/ems-close-20260911/gc-controls/candidate.o (eigs_json_escape_string)
/home/jon/src/wt/ouro-gap-20260911/aot/build/libeigsrt.a(builtins_host.o)
                              /home/jon/src/wt/ouro-gap-20260911/aot/build/libeigsrt.a(builtins.o) (resolve_eigenscript_file_from)
/home/jon/src/wt/ouro-gap-20260911/aot/build/libeigsrt.a(builtins_tensor.o)
                              /home/jon/src/wt/ouro-gap-20260911/aot/build/libeigsrt.a(builtins.o) (builtin_tensor_add)
/home/jon/src/wt/ouro-gap-20260911/aot/build/libeigsrt.a(hash.o)
                              /home/jon/src/wt/ouro-gap-20260911/aot/build/libeigsrt.a(builtins.o) (register_hash_builtins)
/home/jon/src/wt/ouro-gap-20260911/aot/build/libeigsrt.a(arena.o)
                              /tmp/ems-close-20260911/gc-controls/candidate.o (safe_size_mul)
/home/jon/src/wt/ouro-gap-20260911/aot/build/libeigsrt.a(state.o)
                              /home/jon/src/wt/ouro-gap-20260911/aot/build/libeigsrt.a(builtins.o) (eigs_thread_attach)
/home/jon/src/wt/ouro-gap-20260911/aot/build/libeigsrt.a(strbuf.o)
                              /tmp/ems-close-20260911/gc-controls/candidate.o (strbuf_init)
/home/jon/src/wt/ouro-gap-20260911/aot/build/libeigsrt.a(ext_store.o)
                              /home/jon/src/wt/ouro-gap-20260911/aot/build/libeigsrt.a(builtins.o) (register_store_builtins)
/home/jon/src/wt/ouro-gap-20260911/aot/build/libeigsrt.a(chunk.o)
                              /home/jon/src/wt/ouro-gap-20260911/aot/build/libeigsrt.a(builtins.o) (chunk_new)
/home/jon/src/wt/ouro-gap-20260911/aot/build/libeigsrt.a(compiler.o)
                              /home/jon/src/wt/ouro-gap-20260911/aot/build/libeigsrt.a(arena.o) (eigs_obs_unmute_for_fatal)
/home/jon/src/wt/ouro-gap-20260911/aot/build/libeigsrt.a(vm.o)
                              /tmp/ems-close-20260911/gc-controls/candidate.o (vm_obs_slot_dropped)
/home/jon/src/wt/ouro-gap-20260911/aot/build/libeigsrt.a(jit.o)
                              /home/jon/src/wt/ouro-gap-20260911/aot/build/libeigsrt.a(vm.o) (jit_register_chunk)
/home/jon/src/wt/ouro-gap-20260911/aot/build/libeigsrt.a(trace.o)
                              /home/jon/src/wt/ouro-gap-20260911/aot/build/libeigsrt.a(vm.o) (g_trace_current_line)
/home/jon/src/wt/ouro-gap-20260911/aot/build/libeigsrt.a(eigs_embed.o)
                              /tmp/ccOHOtSA.o (eigs_open)
/home/jon/src/wt/ouro-gap-20260911/aot/build/libeigsrt.a(lexer.o)
                              /home/jon/src/wt/ouro-gap-20260911/aot/build/libeigsrt.a(builtins_host.o) (tok_base_string_id_count)
/usr/lib/x86_64-linux-gnu/libc_nonshared.a(atexit.oS)
                              /tmp/ems-close-20260911/gc-controls/candidate.o (atexit)

Merging program properties


As-needed library included to satisfy reference by file (symbol)

libm.so.6                     /home/jon/src/wt/ouro-gap-20260911/aot/build/libeigsrt.a(builtins_tensor.o) (exp@@GLIBC_2.29)
libc.so.6                     /home/jon/src/wt/ouro-gap-20260911/aot/build/libeigsrt.a(trace.o) (fgetc@@GLIBC_2.2.5)

Discarded input sections

 .note.GNU-stack
                0x0000000000000000        0x0 /usr/lib/gcc/x86_64-linux-gnu/13/../../../x86_64-linux-gnu/Scrt1.o
 .note.gnu.property
                0x0000000000000000       0x20 /usr/lib/gcc/x86_64-linux-gnu/13/../../../x86_64-linux-gnu/crti.o
 .note.GNU-stack
                0x0000000000000000        0x0 /usr/lib/gcc/x86_64-linux-gnu/13/../../../x86_64-linux-gnu/crti.o
 .note.GNU-stack
                0x0000000000000000        0x0 /usr/lib/gcc/x86_64-linux-gnu/13/crtbeginS.o
 .note.gnu.property
                0x0000000000000000       0x20 /usr/lib/gcc/x86_64-linux-gnu/13/crtbeginS.o
 .note.GNU-stack
                0x0000000000000000        0x0 /tmp/ccOHOtSA.o
 .note.gnu.property
                0x0000000000000000       0x20 /tmp/ccOHOtSA.o
 .note.GNU-stack
                0x0000000000000000        0x0 /tmp/ems-close-20260911/gc-controls/candidate.o
 .note.gnu.property
                0x0000000000000000       0x20 /tmp/ems-close-20260911/gc-controls/candidate.o
 .note.GNU-stack
                0x0000000000000000        0x0 /home/jon/src/wt/ouro-gap-20260911/aot/build/libeigsrt.a(parser.o)
 .note.gnu.property
                0x0000000000000000       0x20 /home/jon/src/wt/ouro-gap-20260911/aot/build/libeigsrt.a(parser.o)
 .note.GNU-stack
                0x0000000000000000        0x0 /home/jon/src/wt/ouro-gap-20260911/aot/build/libeigsrt.a(builtins.o)
 .note.gnu.property
                0x0000000000000000       0x20 /home/jon/src/wt/ouro-gap-20260911/aot/build/libeigsrt.a(builtins.o)
 .note.GNU-stack
[...]
Memory Configuration

Name             Origin             Length             Attributes
*default*        0x0000000000000000 0xffffffffffffffff

Linker script and memory map

LOAD /usr/lib/gcc/x86_64-linux-gnu/13/../../../x86_64-linux-gnu/Scrt1.o
LOAD /usr/lib/gcc/x86_64-linux-gnu/13/../../../x86_64-linux-gnu/crti.o
LOAD /usr/lib/gcc/x86_64-linux-gnu/13/crtbeginS.o
LOAD /tmp/ccOHOtSA.o
LOAD /tmp/ems-close-20260911/gc-controls/candidate.o
LOAD /home/jon/src/wt/ouro-gap-20260911/aot/build/libeigsrt.a
LOAD /usr/lib/gcc/x86_64-linux-gnu/13/../../../x86_64-linux-gnu/libm.so
START GROUP
LOAD /lib/x86_64-linux-gnu/libm.so.6
LOAD /lib/x86_64-linux-gnu/libmvec.so.1
END GROUP
LOAD /usr/lib/gcc/x86_64-linux-gnu/13/../../../x86_64-linux-gnu/libpthread.a
LOAD /usr/lib/gcc/x86_64-linux-gnu/13/libgcc.a
LOAD /usr/lib/gcc/x86_64-linux-gnu/13/libgcc_s.so
START GROUP
LOAD /usr/lib/gcc/x86_64-linux-gnu/13/../../../x86_64-linux-gnu/libgcc_s.so.1
LOAD /usr/lib/gcc/x86_64-linux-gnu/13/libgcc.a
END GROUP
LOAD /usr/lib/gcc/x86_64-linux-gnu/13/../../../x86_64-linux-gnu/libc.so
START GROUP
LOAD /lib/x86_64-linux-gnu/libc.so.6
LOAD /usr/lib/x86_64-linux-gnu/libc_nonshared.a
LOAD /lib64/ld-linux-x86-64.so.2
END GROUP
LOAD /usr/lib/gcc/x86_64-linux-gnu/13/libgcc.a
LOAD /usr/lib/gcc/x86_64-linux-gnu/13/libgcc_s.so
START GROUP
LOAD /usr/lib/gcc/x86_64-linux-gnu/13/../../../x86_64-linux-gnu/libgcc_s.so.1
LOAD /usr/lib/gcc/x86_64-linux-gnu/13/libgcc.a
END GROUP
LOAD /usr/lib/gcc/x86_64-linux-gnu/13/crtendS.o
LOAD /usr/lib/gcc/x86_64-linux-gnu/13/../../../x86_64-linux-gnu/crtn.o
                [!provide]                        PROVIDE (__executable_start = SEGMENT_START ("text-segment", 0x0))
                0x0000000000000350                . = (SEGMENT_START ("text-segment", 0x0) + SIZEOF_HEADERS)

.interp         0x0000000000000350       0x1c
 *(.interp)
 .interp        0x0000000000000350       0x1c /usr/lib/gcc/x86_64-linux-gnu/13/../../../x86_64-linux-gnu/Scrt1.o

.note.gnu.property
                0x0000000000000370       0x30
 .note.gnu.property
                0x0000000000000370       0x30 /usr/lib/gcc/x86_64-linux-gnu/13/../../../x86_64-linux-gnu/Scrt1.o

.note.gnu.build-id
                0x00000000000003a0       0x24
 *(.note.gnu.build-id)
 .note.gnu.build-id
                0x00000000000003a0       0x24 /usr/lib/gcc/x86_64-linux-gnu/13/../../../x86_64-linux-gnu/Scrt1.o

.note.ABI-tag   0x00000000000003c4       0x20
 .note.ABI-tag  0x00000000000003c4       0x20 /usr/lib/gcc/x86_64-linux-gnu/13/../../../x86_64-linux-gnu/Scrt1.o

.hash
 *(.hash)

.gnu.hash       0x00000000000003e8       0x38
 *(.gnu.hash)
 .gnu.hash      0x00000000000003e8       0x38 /usr/lib/gcc/x86_64-linux-gnu/13/../../../x86_64-linux-gnu/Scrt1.o

.dynsym         0x0000000000000420      0xd08
 *(.dynsym)
 .dynsym        0x0000000000000420      0xd08 /usr/lib/gcc/x86_64-linux-gnu/13/../../../x86_64-linux-gnu/Scrt1.o

.dynstr         0x0000000000001128      0x56f
 *(.dynstr)
 .dynstr        0x0000000000001128      0x56f /usr/lib/gcc/x86_64-linux-gnu/13/../../../x86_64-linux-gnu/Scrt1.o

.gnu.version    0x0000000000001698      0x116
 *(.gnu.version)
 .gnu.version   0x0000000000001698      0x116 /usr/lib/gcc/x86_64-linux-gnu/13/../../../x86_64-linux-gnu/Scrt1.o

.gnu.version_d  0x00000000000017b0        0x0
 *(.gnu.version_d)
 .gnu.version_d
                0x00000000000017b0        0x0 /usr/lib/gcc/x86_64-linux-gnu/13/../../../x86_64-linux-gnu/Scrt1.o

.gnu.version_r  0x00000000000017b0       0xe0
 *(.gnu.version_r)
 .gnu.version_r
                0x00000000000017b0       0xe0 /usr/lib/gcc/x86_64-linux-gnu/13/../../../x86_64-linux-gnu/Scrt1.o

.rela.dyn       0x0000000000001890     0x22b0
 *(.rela.init)
 *(.rela.text .rela.text.* .rela.gnu.linkonce.t.*)
 .rela.text.startup
                0x0000000000001890        0x0 /usr/lib/gcc/x86_64-linux-gnu/13/../../../x86_64-linux-gnu/Scrt1.o
 .rela.text     0x0000000000001890        0x0 /usr/lib/gcc/x86_64-linux-gnu/13/../../../x86_64-linux-gnu/Scrt1.o
 *(.rela.fini)
 *(.rela.rodata .rela.rodata.* .rela.gnu.linkonce.r.*)
 *(.rela.data .rela.data.* .rela.gnu.linkonce.d.*)
 .rela.data.rel.ro
                0x0000000000001890        0x0 /usr/lib/gcc/x86_64-linux-gnu/13/../../../x86_64-linux-gnu/Scrt1.o
 .rela.data.rel.local
                0x0000000000001890       0x30 /usr/lib/gcc/x86_64-linux-gnu/13/../../../x86_64-linux-gnu/Scrt1.o
 .rela.data.rel.ro.local
                0x00000000000018c0     0x2148 /usr/lib/gcc/x86_64-linux-gnu/13/../../../x86_64-linux-gnu/Scrt1.o
 *(.rela.tdata .rela.tdata.* .rela.gnu.linkonce.td.*)
 *(.rela.tbss .rela.tbss.* .rela.gnu.linkonce.tb.*)
 *(.rela.ctors)
 *(.rela.dtors)
 *(.rela.got)
 .rela.got      0x0000000000003a08       0xa8 /usr/lib/gcc/x86_64-linux-gnu/13/../../../x86_64-linux-gnu/Scrt1.o
 *(.rela.bss .rela.bss.* .rela.gnu.linkonce.b.*)
 .rela.bss      0x0000000000003ab0       0x48 /usr/lib/gcc/x86_64-linux-gnu/13/../../../x86_64-linux-gnu/Scrt1.o
 *(.rela.ldata .rela.ldata.* .rela.gnu.linkonce.l.*)
 *(.rela.lbss .rela.lbss.* .rela.gnu.linkonce.lb.*)
 *(.rela.lrodata .rela.lrodata.* .rela.gnu.linkonce.lr.*)
 *(.rela.ifunc)
 .rela.ifunc    0x0000000000003af8        0x0 /usr/lib/gcc/x86_64-linux-gnu/13/../../../x86_64-linux-gnu/Scrt1.o
 .rela.fini_array
                0x0000000000003af8       0x18 /usr/lib/gcc/x86_64-linux-gnu/13/../../../x86_64-linux-gnu/Scrt1.o
 .rela.init_array
                0x0000000000003b10       0x30 /usr/lib/gcc/x86_64-linux-gnu/13/../../../x86_64-linux-gnu/Scrt1.o

.rela.plt       0x0000000000003b40      0xc18
 *(.rela.plt)
 .rela.plt      0x0000000000003b40      0xc18 /usr/lib/gcc/x86_64-linux-gnu/13/../../../x86_64-linux-gnu/Scrt1.o
 *(.rela.iplt)

.relr.dyn
 *(.relr.dyn)
                0x0000000000005000                . = ALIGN (CONSTANT (MAXPAGESIZE))

.init           0x0000000000005000       0x1b
 *(SORT_NONE(.init))
 .init          0x0000000000005000       0x16 /usr/lib/gcc/x86_64-linux-gnu/13/../../../x86_64-linux-gnu/crti.o
                0x0000000000005000                _init
 .init          0x0000000000005016        0x5 /usr/lib/gcc/x86_64-linux-gnu/13/../../../x86_64-linux-gnu/crtn.o

.plt            0x0000000000005020      0x820
 *(.plt)
 .plt           0x0000000000005020      0x820 /usr/lib/gcc/x86_64-linux-gnu/13/../../../x86_64-linux-gnu/Scrt1.o
 *(.iplt)

.plt.got        0x0000000000005840       0x20
 *(.plt.got)
 .plt.got       0x0000000000005840       0x20 /usr/lib/gcc/x86_64-linux-gnu/13/../../../x86_64-linux-gnu/Scrt1.o
                0x0000000000005840                fmod@@GLIBC_2.38
                0x0000000000005850                __cxa_finalize@@GLIBC_2.2.5

.plt.sec        0x0000000000005860      0x810
 *(.plt.sec)
 .plt.sec       0x0000000000005860      0x810 /usr/lib/gcc/x86_64-linux-gnu/13/../../../x86_64-linux-gnu/Scrt1.o
                0x0000000000005860                mallinfo2@@GLIBC_2.33
                0x0000000000005870                __ctype_toupper_loc@@GLIBC_2.3
                0x0000000000005880                getenv@@GLIBC_2.2.5
                0x0000000000005890                __snprintf_chk@@GLIBC_2.3.4
                0x00000000000058a0                free@@GLIBC_2.2.5
                0x00000000000058b0                log2@@GLIBC_2.29
                0x00000000000058c0                abort@@GLIBC_2.2.5
                0x00000000000058d0                __errno_location@@GLIBC_2.2.5
                0x00000000000058e0                unlink@@GLIBC_2.2.5
                0x00000000000058f0                round@@GLIBC_2.2.5
                0x0000000000005900                strncpy@@GLIBC_2.2.5
                0x0000000000005910                remove@@GLIBC_2.2.5
                0x0000000000005920                strncmp@@GLIBC_2.2.5
                0x0000000000005930                _exit@@GLIBC_2.2.5
                0x0000000000005940                pthread_cond_broadcast@@GLIBC_2.3.2
                0x0000000000005950                mkdir@@GLIBC_2.2.5
                0x0000000000005960                puts@@GLIBC_2.2.5
                0x0000000000005970                qsort@@GLIBC_2.2.5
                0x0000000000005980                fread@@GLIBC_2.2.5
                0x0000000000005990                strtod@@GLIBC_2.2.5
                0x00000000000059a0                readlink@@GLIBC_2.2.5
                0x00000000000059b0                fcntl@@GLIBC_2.2.5
                0x00000000000059c0                clock_gettime@@GLIBC_2.17
                0x00000000000059d0                write@@GLIBC_2.2.5
                0x00000000000059e0                getpid@@GLIBC_2.2.5
                0x00000000000059f0                pthread_cond_wait@@GLIBC_2.3.2
                0x0000000000005a00                atan@@GLIBC_2.2.5
                0x0000000000005a10                pow@@GLIBC_2.29
                0x0000000000005a20                fclose@@GLIBC_2.2.5
                0x0000000000005a30                opendir@@GLIBC_2.2.5
                0x0000000000005a40                regfree@@GLIBC_2.2.5
                0x0000000000005a50                strlen@@GLIBC_2.2.5
                0x0000000000005a60                chdir@@GLIBC_2.2.5
                0x0000000000005a70                __stack_chk_fail@@GLIBC_2.4
                0x0000000000005a80                mmap@@GLIBC_2.2.5
                0x0000000000005a90                dup2@@GLIBC_2.2.5
                0x0000000000005aa0                strchr@@GLIBC_2.2.5
                0x0000000000005ab0                pthread_mutex_destroy@@GLIBC_2.2.5
                0x0000000000005ac0                snprintf@@GLIBC_2.2.5
                0x0000000000005ad0                strrchr@@GLIBC_2.2.5
                0x0000000000005ae0                dup@@GLIBC_2.2.5
                0x0000000000005af0                fputs@@GLIBC_2.2.5
                0x0000000000005b00                memset@@GLIBC_2.2.5
                0x0000000000005b10                pthread_condattr_destroy@@GLIBC_2.2.5
                0x0000000000005b20                getcwd@@GLIBC_2.2.5
                0x0000000000005b30                fgetc@@GLIBC_2.2.5
                0x0000000000005b40                close@@GLIBC_2.2.5
                0x0000000000005b50                __realpath_chk@@GLIBC_2.4
                0x0000000000005b60                pipe@@GLIBC_2.2.5
                0x0000000000005b70                log@@GLIBC_2.29
                0x0000000000005b80                closedir@@GLIBC_2.2.5
                0x0000000000005b90                cos@@GLIBC_2.2.5
                0x0000000000005ba0                regcomp@@GLIBC_2.2.5
                0x0000000000005bb0                fputc@@GLIBC_2.2.5
                0x0000000000005bc0                strtok_r@@GLIBC_2.2.5
                0x0000000000005bd0                acos@@GLIBC_2.2.5
                0x0000000000005be0                read@@GLIBC_2.2.5
                0x0000000000005bf0                memcmp@@GLIBC_2.2.5
                0x0000000000005c00                pthread_cond_signal@@GLIBC_2.3.2
                0x0000000000005c10                pthread_condattr_setclock@@GLIBC_2.34
                0x0000000000005c20                calloc@@GLIBC_2.2.5
                0x0000000000005c30                strcmp@@GLIBC_2.2.5
                0x0000000000005c40                putc@@GLIBC_2.2.5
                0x0000000000005c50                signal@@GLIBC_2.2.5
                0x0000000000005c60                __memcpy_chk@@GLIBC_2.3.4
                0x0000000000005c70                ftell@@GLIBC_2.2.5
                0x0000000000005c80                stat@@GLIBC_2.33
                0x0000000000005c90                strtol@@GLIBC_2.2.5
                0x0000000000005ca0                realpath@@GLIBC_2.3
                0x0000000000005cb0                memcpy@@GLIBC_2.14
                0x0000000000005cc0                kill@@GLIBC_2.2.5
                0x0000000000005cd0                fileno@@GLIBC_2.2.5
                0x0000000000005ce0                pthread_cond_init@@GLIBC_2.3.2
                0x0000000000005cf0                readdir@@GLIBC_2.2.5
                0x0000000000005d00                pthread_mutex_unlock@@GLIBC_2.2.5
                0x0000000000005d10                malloc@@GLIBC_2.2.5
                0x0000000000005d20                fflush@@GLIBC_2.2.5
                0x0000000000005d30                tan@@GLIBC_2.2.5
                0x0000000000005d40                regexec@@GLIBC_2.3.4
                0x0000000000005d50                atan2@@GLIBC_2.2.5
                0x0000000000005d60                lrand48@@GLIBC_2.2.5
                0x0000000000005d70                mkstemp@@GLIBC_2.2.5
                0x0000000000005d80                fseek@@GLIBC_2.2.5
                0x0000000000005d90                __vsnprintf_chk@@GLIBC_2.3.4
                0x0000000000005da0                realloc@@GLIBC_2.2.5
                0x0000000000005db0                srand48@@GLIBC_2.2.5
                0x0000000000005dc0                fdopen@@GLIBC_2.2.5
                0x0000000000005dd0                munmap@@GLIBC_2.2.5
                0x0000000000005de0                __printf_chk@@GLIBC_2.3.4
                0x0000000000005df0                pthread_condattr_init@@GLIBC_2.2.5
                0x0000000000005e00                setvbuf@@GLIBC_2.2.5
                0x0000000000005e10                poll@@GLIBC_2.2.5
                0x0000000000005e20                pthread_create@@GLIBC_2.34
                0x0000000000005e30                memmove@@GLIBC_2.2.5
                0x0000000000005e40                pthread_cond_timedwait@@GLIBC_2.3.2
                0x0000000000005e50                waitpid@@GLIBC_2.2.5
                0x0000000000005e60                tcgetattr@@GLIBC_2.2.5
                0x0000000000005e70                tcsetattr@@GLIBC_2.2.5
                0x0000000000005e80                pthread_cond_destroy@@GLIBC_2.3.2
                0x0000000000005e90                mprotect@@GLIBC_2.2.5
                0x0000000000005ea0                open@@GLIBC_2.2.5
                0x0000000000005eb0                access@@GLIBC_2.2.5
                0x0000000000005ec0                fopen@@GLIBC_2.2.5
                0x0000000000005ed0                sysconf@@GLIBC_2.2.5
                0x0000000000005ee0                rename@@GLIBC_2.2.5
                0x0000000000005ef0                sin@@GLIBC_2.2.5
                0x0000000000005f00                execvp@@GLIBC_2.2.5
                0x0000000000005f10                __cxa_atexit@@GLIBC_2.2.5
                0x0000000000005f20                getline@@GLIBC_2.2.5
                0x0000000000005f30                asin@@GLIBC_2.2.5
                0x0000000000005f40                __memset_chk@@GLIBC_2.3.4
                0x0000000000005f50                exit@@GLIBC_2.2.5
                0x0000000000005f60                fwrite@@GLIBC_2.2.5
                0x0000000000005f70                __fprintf_chk@@GLIBC_2.3.4
                0x0000000000005f80                sqrt@@GLIBC_2.2.5
                0x0000000000005f90                pthread_join@@GLIBC_2.34
                0x0000000000005fa0                strdup@@GLIBC_2.2.5
                0x0000000000005fb0                strerror@@GLIBC_2.2.5
                0x0000000000005fc0                pthread_mutex_init@@GLIBC_2.2.5
                0x0000000000005fd0                fstat@@GLIBC_2.33
                0x0000000000005fe0                pthread_once@@GLIBC_2.34
                0x0000000000005ff0                fork@@GLIBC_2.2.5
                0x0000000000006000                strstr@@GLIBC_2.2.5
                0x0000000000006010                pthread_mutex_lock@@GLIBC_2.2.5
                0x0000000000006020                exp@@GLIBC_2.29
                0x0000000000006030                __ctype_tolower_loc@@GLIBC_2.3
                0x0000000000006040                __ctype_b_loc@@GLIBC_2.3
                0x0000000000006050                drand48@@GLIBC_2.2.5
                0x0000000000006060                usleep@@GLIBC_2.2.5

.text           0x0000000000006080    0xc0c62
 *(.text.unlikely .text.*_unlikely .text.unlikely.*)
 .text.unlikely
                0x0000000000006080        0x9 /home/jon/src/wt/ouro-gap-20260911/aot/build/libeigsrt.a(vm.o)
 *(.text.exit .text.exit.*)
 *(.text.startup .text.startup.*)
 *fill*         0x0000000000006089       0x37 
 .text.startup  0x00000000000060c0      0x483 /tmp/ccOHOtSA.o
                0x00000000000060c0                main
 *fill*         0x0000000000006543       0x3d 
 .text.startup  0x0000000000006580       0x10 /home/jon/src/wt/ouro-gap-20260911/aot/build/libeigsrt.a(jit.o)
 *(.text.hot .text.hot.*)
 *(SORT_BY_NAME(.text.sorted.*))
 *(.text .stub .text.* .gnu.linkonce.t.*)
 .text          0x0000000000006590       0x26 /usr/lib/gcc/x86_64-linux-gnu/13/../../../x86_64-linux-gnu/Scrt1.o
                0x0000000000006590                _start
 .text          0x00000000000065b6        0x0 /usr/lib/gcc/x86_64-linux-gnu/13/../../../x86_64-linux-gnu/crti.o
 *fill*         0x00000000000065b6        0xa 
 .text          0x00000000000065c0       0xb9 /usr/lib/gcc/x86_64-linux-gnu/13/crtbeginS.o
 *fill*         0x0000000000006679        0x7 
 .text          0x0000000000006680       0x5d /tmp/ccOHOtSA.o
 *fill*         0x00000000000066dd       0x23 
 .text          0x0000000000006700    0x17281 /tmp/ems-close-20260911/gc-controls/candidate.o
                0x000000000000a300                gc_probe_snapshot
                0x000000000000a340                eigs_record_first_error_code_at
                0x000000000000a440                eigs_record_first_error_at
                0x000000000000a540                eigs_record_first_error
                0x000000000000a600                err_kind_name
                0x000000000000a7c0                tok_type_name
                0x000000000000b140                eigs_interrogative_word
                0x000000000000b180                val_type_name
                0x000000000000b300                observer_settledness
                0x000000000000b380                compute_entropy
                0x000000000000b7c0                observer_slot_record_value
                0x000000000000b940                observer_slot_update
                0x000000000000bac0                observer_slot_update_num
                0x000000000000bc80                observer_slot_reset
                0x000000000000bd80                observer_slot_converged
                0x000000000000c280                observer_slot_equilibrium
                0x000000000000c6c0                observer_slot_improving
                0x000000000000c900                observer_slot_diverging
                0x000000000000cb80                observer_slot_oscillating
                0x000000000000cf80                observer_slot_stable
                0x000000000000d540                eigs_predicate_name
                0x000000000000d580                observer_slot_report_entropy
                0x000000000000d680                observer_slot_report
                0x000000000000dcc0                observer_slot_report_value
                0x000000000000e240                observer_entropy_of_num
                0x000000000000e340                eigs_thread_drain_caches
                0x000000000000e600                env_intern_table_new
                0x000000000000e640                env_intern_table_ref
                0x000000000000e680                env_intern_table_unref
                0x000000000000e740                make_num
                0x000000000000e880                recycle_intermediate
                0x000000000000e900                make_num_permanent
                0x000000000000ea00                slot_to_value
                0x000000000000eb40                promote_if_arena
                0x000000000000efc0                make_str
                0x000000000000f080                make_str_owned
                0x000000000000f100                make_null
                0x000000000000f140                make_list
                0x000000000000f240                make_list_heap
                0x000000000000f2c0                make_text_builder
                0x000000000000f340                make_builtin
                0x000000000000f380                eigs_native_fn_name
                0x000000000000f400                make_native_fn
                0x000000000000f500                make_dict
                0x000000000000f640                dict_get_hashed
                0x000000000000f7c0                dict_get
                0x000000000000f980                observer_slot_from_trajectory
                0x0000000000010140                env_hash_find_dict
                0x0000000000010280                dict_has
                0x0000000000010440                list_append
                0x0000000000010640                is_truthy
                0x0000000000010780                values_equal
                0x0000000000010a00                eigs_num_text
                0x0000000000010b00                value_to_string
                0x0000000000011080                env_hash_name
                0x0000000000011100                env_name_hash
                0x0000000000011180                env_hash_insert
                0x0000000000011200                env_global_shared_lock
                0x0000000000011240                env_global_shared_unlock
                0x0000000000011280                env_dump_lock
                0x00000000000112c0                env_dump_unlock
                0x0000000000011300                env_intern_debug_count
                0x00000000000114c0                env_intern_scope_begin
                0x0000000000011500                env_intern_scope_promote
                0x0000000000011540                env_intern_scope_retain
                0x0000000000011600                env_intern_scope_end
                0x0000000000011700                env_intern_release_value
                0x0000000000011800                env_intern_release_all_values
                0x00000000000118c0                env_intern_name
                0x0000000000011a40                make_fn
                0x0000000000011b80                env_new
                0x0000000000011d00                env_incref
                0x0000000000011d80                env_resolve_chain
                0x00000000000120c0                env_get_hashed_slot
                0x00000000000123c0                env_get_assign_count
                0x00000000000125c0                gc_collect_cycles
                0x0000000000012780                env_mark_captured
                0x0000000000012940                gc_note_possible_root
                0x0000000000012e80                free_value
                0x0000000000012f40                env_decref
                0x0000000000013440                list_append_owned
                0x00000000000136c0                env_destroy_final
                0x0000000000013a80                eigs_clear_error_value
                0x0000000000013b40                rt_error
                0x0000000000013f80                observer_entropy_now
                0x0000000000014440                dict_remove
                0x0000000000014740                slot_from_value
                0x0000000000014940                env_store_slot
                0x0000000000014d40                env_set_local_pre_interned_slot
                0x0000000000015180                env_set_local_hashed_slot
                0x0000000000015240                env_set_hashed_slot
                0x0000000000015600                env_bind_fresh_param_slot
                0x0000000000015c80                dict_set_hashed
                0x0000000000015cc0                dict_set
                0x0000000000015d80                dict_set_owned
                0x0000000000016c80                val_clone_for_send
                0x0000000000017140                observer_slot_trajectory
                0x00000000000183c0                env_set_local_hashed
                0x0000000000018c00                env_set_local
                0x0000000000018c80                env_set_local_owned
                0x000000000001b2c0                env_set_hashed
                0x000000000001b8c0                env_set
                0x000000000001b940                eigs_module_cache_get
                0x000000000001ba40                eigs_module_cache_put
                0x000000000001bc00                eigs_module_cache_clear
                0x000000000001bd80                eigs_loading_active
                0x000000000001be80                eigs_loading_enter
                0x000000000001bf80                eigs_loading_leave
                0x000000000001c080                gc_collect_at_exit
                0x000000000001c680                env_reserve_slots
                0x000000000001cb00                env_clear
                0x000000000001ccc0                env_get_hashed
                0x000000000001d100                env_get_local_hashed
                0x000000000001d5c0                eigs_obs_enable_runtime
                0x000000000001d640                eigs_obs_enable
                0x000000000001d6c0                env_get
                0x000000000001d740                handle_register
                0x000000000001d840                handle_lookup
                0x000000000001d900                handle_release
 *fill*         0x000000000001d981       0x3f 
 .text          0x000000000001d9c0     0x7ddf /home/jon/src/wt/ouro-gap-20260911/aot/build/libeigsrt.a(parser.o)
                0x000000000001e880                parser_set_caret_source
                0x000000000001e8c0                eigs_print_caret_src
                0x0000000000022300                make_node_col
                0x0000000000022340                make_node
                0x0000000000022380                free_ast
                0x0000000000025480                parse
 *fill*         0x000000000002579f       0x21 
 .text          0x00000000000257c0    0x18c1b /home/jon/src/wt/ouro-gap-20260911/aot/build/libeigsrt.a(builtins.o)
                0x00000000000258c0                builtin_flush
                0x0000000000025900                builtin_exit
                0x00000000000259c0                builtin_clear_math_flags
                0x0000000000025a00                builtin_print
                0x0000000000025a40                builtin_screen_put
                0x0000000000025b40                builtin_screen_clear
                0x0000000000025b80                builtin_screen_end
                0x0000000000025bc0                builtin_write
                0x0000000000025c00                builtin_sandbox_blocked
                0x0000000000025c40                builtin_inflate
                0x0000000000025c80                builtin_zlib_inflate
                0x0000000000025cc0                builtin_deflate
                0x0000000000025d00                builtin_zlib_deflate
                0x0000000000025d40                builtin_str
                0x0000000000025dc0                builtin_text_builder_new
                0x0000000000025e00                builtin_pi
                0x0000000000025e40                builtin_arena_stats
                0x0000000000025ec0                builtin_f64_from_bytes
                0x00000000000262c0                builtin_monotonic_ns
                0x0000000000026380                builtin_monotonic_ms
                0x0000000000026440                builtin_clock_unix
                0x0000000000026500                builtin_len
                0x0000000000026640                builtin_get_observer_thresholds
                0x0000000000026700                builtin_observe
                0x0000000000026780                builtin_scan_ints
                0x0000000000026a80                builtin_scan_tokens
                0x0000000000026d80                builtin_args
                0x0000000000026e80                builtin_f64_to_bytes
                0x0000000000026f40                builtin_hex
                0x0000000000027100                builtin_classify
                0x0000000000027340                builtin_math_flags
                0x0000000000027400                builtin_type
                0x00000000000275c0                builtin_split
                0x0000000000027800                builtin_env_get
                0x00000000000279c0                builtin_arena_mark
                0x0000000000027a00                builtin_arena_reset
                0x0000000000027a40                builtin_heap_inuse
                0x0000000000027b00                builtin_buffer
                0x0000000000027d00                builtin_str_from_bytes
                0x0000000000027f00                builtin_buf_deinterleave
                0x0000000000028300                builtin_channel
                0x0000000000028400                builtin_task_try_recv
                0x0000000000028480                builtin_task_now
                0x00000000000284c0                builtin_task_self
                0x0000000000028500                builtin_nearest_in_range
                0x0000000000028b40                builtin_nearest_in_range_all
                0x0000000000029400                builtin_sort
                0x0000000000029540                builtin_text_builder_clear
                0x00000000000295c0                builtin_report
                0x0000000000029600                builtin_token_name
                0x0000000000029680                builtin_chr
                0x00000000000297c0                builtin_ord
                0x0000000000029880                builtin_values
                0x0000000000029900                builtin_keys
                0x0000000000029980                builtin_record_history
                0x0000000000029a40                builtin_task_alive
                0x0000000000029b00                builtin_recv_timeout
                0x0000000000029ec0                builtin_scan_int_tokens
                0x000000000002a500                builtin_random_int
                0x000000000002a800                builtin_list_contains
                0x000000000002a900                builtin_list_index_of
                0x000000000002aa00                builtin_task_sched_seed
                0x000000000002aa80                builtin_task_detach
                0x000000000002ab00                builtin_dispatch
                0x000000000002adc0                builtin_num_copy
                0x000000000002ae00                builtin_reshape
                0x000000000002af80                builtin_state_at
                0x000000000002b000                builtin_path_ext
                0x000000000002b0c0                builtin_path_base
                0x000000000002b180                builtin_path_dir
                0x000000000002b2c0                builtin_seed_random
                0x000000000002b380                builtin_round
                0x000000000002b440                builtin_ceil
                0x000000000002b500                builtin_floor
                0x000000000002b5c0                builtin_atan2
                0x000000000002b6c0                builtin_atan
                0x000000000002b780                builtin_acos
                0x000000000002b900                builtin_asin
                0x000000000002ba80                builtin_tan
                0x000000000002bb40                builtin_cos
                0x000000000002bc00                builtin_sin
                0x000000000002bcc0                builtin_str_upper
                0x000000000002bdc0                builtin_index_of
                0x000000000002bec0                builtin_str_replace
                0x000000000002c200                builtin_contains
                0x000000000002c300                builtin_str_lower
                0x000000000002c400                builtin_starts_with
                0x000000000002c540                builtin_dict_remove
                0x000000000002c5c0                builtin_dict_set
                0x000000000002c640                builtin_has_key
                0x000000000002c740                builtin_assert
                0x000000000002c800                builtin_fill
                0x000000000002c940                builtin_concat
                0x000000000002ca80                builtin_list_slice
                0x000000000002cc40                builtin_append
                0x000000000002cd00                builtin_num
                0x000000000002cec0                builtin_buf_set
                0x000000000002d000                builtin_text_builder_to_string
                0x000000000002d100                builtin_sign_extend
                0x000000000002d240                builtin_buf_len
                0x000000000002d300                builtin_buf_get
                0x000000000002d400                builtin_secure_equals
                0x000000000002d640                builtin_min
                0x000000000002d7c0                builtin_abs
                0x000000000002d880                builtin_ends_with
                0x000000000002d9c0                builtin_bit_not
                0x000000000002da40                builtin_text_builder_part_count
                0x000000000002db00                builtin_text_builder_append_line
                0x000000000002dbc0                builtin_join
                0x000000000002df00                builtin_path_join
                0x000000000002e100                builtin_substr
                0x000000000002e300                builtin_trim
                0x000000000002e480                builtin_char_at
                0x000000000002e600                builtin_json_raw
                0x000000000002e640                builtin_set_observer_thresholds
                0x000000000002e780                builtin_screen_render
                0x000000000002ec00                builtin_usleep
                0x000000000002ec40                builtin_coalesce
                0x000000000002ed00                builtin_bit_shift_left
                0x000000000002edc0                builtin_task_yield
                0x000000000002ee80                builtin_task_recv
                0x000000000002ef80                builtin_task_kill
                0x000000000002f040                builtin_task_sleep
                0x000000000002f140                builtin_random
                0x000000000002f240                builtin_max
                0x000000000002f3c0                builtin_bit_and
                0x000000000002f480                builtin_bit_or
                0x000000000002f540                builtin_bit_xor
                0x000000000002f600                builtin_bit_shift_right
                0x000000000002f6c0                builtin_channel_closed
                0x000000000002f780                builtin_close_channel
                0x000000000002f880                builtin_text_builder_extend
                0x000000000002f9c0                builtin_try_recv
                0x000000000002fb00                builtin_recv
                0x000000000002fc80                builtin_throw
                0x000000000002fe40                builtin_tokenize_ids
                0x000000000002ff80                builtin_text_builder_append
                0x0000000000030040                builtin_tokenize_with_names
                0x00000000000302c0                builtin_range
                0x0000000000030700                builtin_must_not_yield
                0x0000000000030840                builtin_free_val
                0x0000000000030900                builtin_list_truncate
                0x0000000000030b80                builtin_try_parse
                0x0000000000030e00                builtin_task_join
                0x0000000000031080                builtin_buf_from_list
                0x0000000000031280                builtin_eval
                0x0000000000031800                builtin_thread_join
                0x0000000000031a80                builtin_send
                0x0000000000031cc0                builtin_buf_resample_linear
                0x0000000000032900                builtin_list_remove_at
                0x0000000000032a80                builtin_buf_peak
                0x0000000000032d00                builtin_buf_fill
                0x0000000000033000                builtin_buf_scale_range
                0x0000000000033c80                builtin_spawn
                0x0000000000034400                builtin_buf_mix
                0x0000000000034800                builtin_task_send
                0x0000000000035380                builtin_vm_run_bytecode
                0x00000000000354c0                builtin_sandbox_run
                0x0000000000036540                builtin_get_at
                0x00000000000367c0                builtin_buf_from_pcm16le
                0x0000000000036c00                builtin_buf_copy
                0x0000000000036e80                builtin_buf_to_pcm16le
                0x0000000000037480                builtin_buf_dot
                0x0000000000037840                builtin_sort_by
                0x0000000000037c80                builtin_copy_into
                0x0000000000038200                builtin_list_insert_at
                0x0000000000038480                builtin_set_at
                0x0000000000038a80                eigs_is_registered_builtin
                0x0000000000038b80                eigs_json_decode_string_body
                0x0000000000039280                eigs_json_parse_value
                0x0000000000039c80                eigs_json_parse_root
                0x0000000000039cc0                builtin_json_decode
                0x0000000000039f00                eigs_json_escape_string
                0x000000000003a600                builtin_json_build
                0x000000000003b2c0                builtin_json_encode
                0x000000000003b380                eigs_json_encode
                0x000000000003ba00                builtin_json_path
                0x000000000003bac0                eigs_ensure_random_seeded
                0x000000000003bb40                eigenscript_set_args
                0x000000000003bb80                eigs_current_file_dir
                0x000000000003bc00                resolve_eigenscript_file
                0x000000000003bcc0                replay_blocks
                0x000000000003bd40                free_tokenlist
                0x000000000003be00                task_free
                0x000000000003c400                builtin_task_spawn
                0x000000000003c7c0                handle_table_drain
                0x000000000003cc40                register_builtins
 *fill*         0x000000000003e3db       0x25 
 .text          0x000000000003e400     0x747d /home/jon/src/wt/ouro-gap-20260911/aot/build/libeigsrt.a(builtins_host.o)
                0x000000000003e400                builtin_raw_key
                0x000000000003e5c0                builtin_write_bytes
                0x000000000003e8c0                builtin_mkdir
                0x000000000003ebc0                builtin_file_exists
                0x000000000003edc0                builtin_is_dir
                0x000000000003efc0                builtin_is_file
                0x000000000003f1c0                builtin_ls
                0x000000000003f3c0                builtin_exe_path
                0x000000000003f500                builtin_read_bytes
                0x000000000003f7c0                builtin_read_text
                0x000000000003fa80                builtin_random_hex
                0x000000000003fd00                builtin_read_line
                0x000000000003fec0                builtin_proc_read
                0x000000000003ffc0                builtin_proc_read_buf
                0x00000000000401c0                builtin_stream_close
                0x0000000000040240                builtin_stream_write
                0x00000000000403c0                builtin_getcwd
                0x00000000000404c0                builtin_mktemp
                0x0000000000040580                builtin_proc_write
                0x0000000000040700                builtin_proc_read_line
                0x0000000000040900                builtin_proc_wait
                0x0000000000040ac0                builtin_proc_close
                0x0000000000040b40                builtin_remove_file
                0x0000000000040c00                builtin_rename
                0x0000000000040d00                builtin_rm
                0x0000000000040dc0                builtin_chdir
                0x0000000000040e80                builtin_write_text
                0x0000000000040fc0                builtin_stream_open
                0x00000000000411c0                builtin_regex_replace
                0x0000000000041400                builtin_match_all
                0x0000000000041600                builtin_match
                0x00000000000419c0                builtin_read_bytes_buf
                0x0000000000041f00                builtin_proc_spawn
                0x0000000000042240                builtin_exec_capture
                0x0000000000042900                read_file_util
                0x0000000000042a80                builtin_build_corpus
                0x00000000000446c0                eigs_file_directory
                0x0000000000044cc0                builtin_load_file
                0x0000000000044d40                eigs_file_resolve_error
                0x0000000000044e00                resolve_eigenscript_file_from_ex
                0x00000000000453c0                resolve_eigenscript_file_from
                0x0000000000045400                register_host_builtins
 *fill*         0x000000000004587d        0x3 
 .text          0x0000000000045880     0x964a /home/jon/src/wt/ouro-gap-20260911/aot/build/libeigsrt.a(builtins_tensor.o)
                0x0000000000047180                ne_softmax_buf
                0x0000000000047440                ne_matmul_buf
                0x0000000000047940                builtin_tensor_add
                0x0000000000047b80                builtin_tensor_subtract
                0x0000000000047c40                builtin_tensor_multiply
                0x0000000000047d00                builtin_tensor_divide
                0x0000000000047dc0                builtin_tensor_pow
                0x0000000000047e80                builtin_tensor_sqrt
                0x00000000000485c0                builtin_tensor_exp
                0x0000000000048d00                builtin_tensor_log
                0x0000000000049280                builtin_tensor_negative
                0x0000000000049800                builtin_tensor_matmul
                0x0000000000049e40                builtin_tensor_softmax
                0x000000000004a040                builtin_tensor_log_softmax
                0x000000000004a340                builtin_tensor_relu
                0x000000000004a6c0                builtin_tensor_leaky_relu
                0x000000000004a940                builtin_tensor_mean
                0x000000000004ac80                builtin_tensor_sum
                0x000000000004afc0                builtin_tensor_norm
                0x000000000004b4c0                builtin_tensor_zeros
                0x000000000004b700                builtin_tensor_zeros_like
                0x000000000004b7c0                builtin_tensor_gather
                0x000000000004b980                call_eigs_fn
                0x000000000004bd00                builtin_random_normal
                0x000000000004c080                builtin_tensor_shape
                0x000000000004c240                builtin_numerical_grad
                0x000000000004cf80                builtin_sgd_update
                0x000000000004d340                builtin_numerical_grad_rows
                0x000000000004d9c0                builtin_sgd_update_rows
                0x000000000004dc80                builtin_numerical_grad_cols
                0x000000000004e540                builtin_sgd_update_cols
                0x000000000004e880                builtin_tensor_save
                0x000000000004eb40                builtin_tensor_load
 *fill*         0x000000000004eeca       0x36 
 .text          0x000000000004ef00     0x175f /home/jon/src/wt/ouro-gap-20260911/aot/build/libeigsrt.a(hash.o)
                0x000000000004fdc0                builtin_hmac_sha256
                0x000000000004fe40                builtin_md5
                0x0000000000050180                builtin_md5_file
                0x00000000000503c0                builtin_sha256_file
                0x0000000000050440                builtin_sha256
                0x00000000000505c0                register_hash_builtins
 *fill*         0x000000000005065f       0x21 
 .text          0x0000000000050680      0xb65 /home/jon/src/wt/ouro-gap-20260911/aot/build/libeigsrt.a(arena.o)
                0x00000000000506c0                safe_size_mul
                0x0000000000050700                xmalloc
                0x0000000000050740                xcalloc
                0x00000000000507c0                xrealloc
                0x0000000000050800                xstrdup
                0x0000000000050840                xfopen_write
                0x0000000000050980                xmalloc_array
                0x0000000000050a00                xcalloc_array
                0x0000000000050a80                xrealloc_array
                0x0000000000050b00                arena_init
                0x0000000000050bc0                arena_alloc
                0x0000000000050d80                arena_track_string
                0x0000000000050e40                arena_mark_pos
                0x0000000000050ec0                arena_reset_to_mark
                0x0000000000050fc0                arena_destroy
                0x0000000000051180                free_weight_val
 *fill*         0x00000000000511e5       0x1b 
 .text          0x0000000000051200      0x573 /home/jon/src/wt/ouro-gap-20260911/aot/build/libeigsrt.a(state.o)
                0x0000000000051200                eigs_state_new
                0x00000000000512c0                eigs_state_destroy
                0x00000000000513c0                eigs_process_thread_count
                0x0000000000051400                eigs_thread_attach
                0x0000000000051540                eigs_current_state
                0x0000000000051580                eigs_thread_switch
                0x0000000000051640                eigs_thread_detach
 *fill*         0x0000000000051773        0xd 
 .text          0x0000000000051780      0x7e9 /home/jon/src/wt/ouro-gap-20260911/aot/build/libeigsrt.a(strbuf.o)
                0x0000000000051780                strbuf_init
                0x00000000000517c0                strbuf_reserve
                0x00000000000518c0                strbuf_append_char
                0x0000000000051a00                strbuf_append_n
                0x0000000000051b40                strbuf_append
                0x0000000000051c80                strbuf_append_fmt
                0x0000000000051ec0                strbuf_finish
                0x0000000000051f40                strbuf_free
 *fill*         0x0000000000051f69       0x17 
 .text          0x0000000000051f80     0x5135 /home/jon/src/wt/ouro-gap-20260911/aot/build/libeigsrt.a(ext_store.o)
                0x0000000000056f80                register_store_builtins
 *fill*         0x00000000000570b5        0xb 
 .text          0x00000000000570c0     0x4b5a /home/jon/src/wt/ouro-gap-20260911/aot/build/libeigsrt.a(chunk.o)
                0x0000000000059380                srcbuf_new
                0x0000000000059400                srcbuf_incref
                0x0000000000059480                srcbuf_decref
                0x0000000000059540                chunk_new
                0x00000000000596c0                chunk_incref
                0x0000000000059740                chunk_decref
                0x00000000000597c0                chunk_free
                0x0000000000059840                chunk_emit
                0x0000000000059900                chunk_emit_u16
                0x0000000000059a80                chunk_emit_u32
                0x0000000000059d00                chunk_emit_jump
                0x0000000000059f40                chunk_patch_jump
                0x0000000000059fc0                chunk_add_constant
                0x000000000005a000                chunk_add_constant_positional
                0x000000000005a040                chunk_add_function
                0x000000000005a0c0                op_name
                0x000000000005a100                chunk_disassemble
                0x000000000005a540                chunk_verify
                0x000000000005a580                chunk_verify_self_check
                0x000000000005afc0                chunk_arm_temporal
                0x000000000005b300                chunk_scan_leaf_accessor
                0x000000000005b480                opcode_is_observer_reader
                0x000000000005b4c0                chunk_has_reader_opcode
                0x000000000005b600                chunk_reads_observer
                0x000000000005b740                chunk_scan_static_loads
 *fill*         0x000000000005bc1a       0x26 
 .text          0x000000000005bc40     0xe22b /home/jon/src/wt/ouro-gap-20260911/aot/build/libeigsrt.a(compiler.o)
                0x0000000000068f40                eigs_obs_unmute_for_fatal
                0x0000000000068fc0                eigs_obs_memo_release
                0x0000000000069040                compile_ast
 *fill*         0x0000000000069e6b       0x15 
 .text          0x0000000000069e80    0x4aa8f /home/jon/src/wt/ouro-gap-20260911/aot/build/libeigsrt.a(vm.o)
                0x000000000006c680                vm_obs_slot_dropped
                0x000000000006c6c0                eigs_sigusr1_handler
                0x000000000006c700                observer_predicate_at
                0x000000000006ca80                callframe_release
                0x000000000006cb00                vm_thread_destroy
                0x000000000006cb80                sandbox_charge
                0x000000000006cc40                jit_helper_get_name
                0x000000000006d040                jit_helper_set_local
                0x000000000006d440                jit_helper_set_name
                0x000000000006d740                jit_helper_set_name_local
                0x000000000006d940                jit_helper_set_fn_name_local
                0x000000000006db40                jit_helper_local_idx_get
                0x000000000006e180                jit_helper_local_dot_get
                0x000000000006e5c0                jit_helper_local_idx_dot_get
                0x000000000006eb00                jit_helper_dot_set
                0x000000000006f540                jit_helper_dot_get
                0x000000000006fbc0                jit_helper_local_dot_set
                0x0000000000070200                jit_helper_observe_assign
                0x0000000000070240                jit_helper_observe_assign_local
                0x0000000000070340                jit_helper_report_slot
                0x0000000000070800                jit_helper_observe_name_post
                0x0000000000070a80                jit_helper_iter_next
                0x0000000000070e80                vm_thread_reset_caches
                0x0000000000070ec0                eigs_loop_stall_step
                0x0000000000071240                eigs_loop_cap_step
                0x0000000000071400                jit_helper_loop_stall_check
                0x0000000000071780                jit_helper_loop_cap_check
                0x0000000000071940                jit_helper_index_set
                0x0000000000072640                jit_helper_index_get
                0x0000000000073400                vm_borrow_compensate
                0x0000000000073500                jit_helper_call
                0x0000000000074a00                jit_helper_return
                0x0000000000074e80                jit_helper_return_null
                0x00000000000752c0                eigs_jit_load_eigs_current
                0x0000000000075300                eigs_jit_get_layout
                0x00000000000753c0                vm_current_line
                0x0000000000075440                vm_print_stack_trace
                0x00000000000b2fc0                task_sched_thread_free
                0x00000000000b3440                task_any_unobserved_error
                0x00000000000b3500                task_sched_set_seed
                0x00000000000b35c0                task_sched_on_spawn
                0x00000000000b36c0                task_request_yield
                0x00000000000b3700                task_request_join
                0x00000000000b37c0                task_deliver
                0x00000000000b39c0                task_mbox_has
                0x00000000000b3a80                task_mbox_pop
                0x00000000000b3b40                task_request_recv
                0x00000000000b3bc0                task_request_sleep
                0x00000000000b3c80                task_virtual_now
                0x00000000000b3cc0                task_current_id
                0x00000000000b3d00                task_do_kill
                0x00000000000b4300                task_do_detach
                0x00000000000b43c0                vm_execute_argc
                0x00000000000b4680                vm_execute
 *fill*         0x00000000000b490f       0x31 
 .text          0x00000000000b4940     0x6221 /home/jon/src/wt/ouro-gap-20260911/aot/build/libeigsrt.a(jit.o)
                0x00000000000b6840                jit_module_shutdown
                0x00000000000b6f80                jit_cache_new
                0x00000000000b7040                jit_cache_free
                0x00000000000b70c0                jit_cache_alloc
                0x00000000000b7140                jit_cache_seal
                0x00000000000ba480                jit_cache_unseal
                0x00000000000ba500                jit_cache_used
                0x00000000000ba540                jit_emit_const_return
                0x00000000000ba5c0                jit_register_chunk
                0x00000000000ba6c0                jit_unregister_chunk
                0x00000000000ba780                jit_module_init
                0x00000000000ba7c0                jit_thread_destroy
                0x00000000000ba800                jit_state_init_thresholds
                0x00000000000ba8c0                jit_try_compile_chunk
                0x00000000000baa00                jit_try_compile_chunk_osr
 *fill*         0x00000000000bab61       0x1f 
 .text          0x00000000000bab80     0x6cb3 /home/jon/src/wt/ouro-gap-20260911/aot/build/libeigsrt.a(trace.o)
                0x00000000000bdbc0                trace_occ_window
                0x00000000000bdcc0                trace_arm_occurrences_all
                0x00000000000bdd40                trace_arm_snapshot
                0x00000000000bddc0                trace_arm_restore
                0x00000000000bdec0                trace_arm_history_all_mt
                0x00000000000bdf00                trace_arm_history_all
                0x00000000000bdf40                trace_arm_history_name
                0x00000000000be0c0                trace_arm_occurrences_name
                0x00000000000be240                trace_history_disable
                0x00000000000be280                trace_record_obs
                0x00000000000be3c0                trace_query_prev
                0x00000000000be540                trace_query_at
                0x00000000000be840                trace_query_when
                0x00000000000beb80                trace_name_is_internal
                0x00000000000bec00                trace_state_at
                0x00000000000befc0                trace_set_sink
                0x00000000000bf100                trace_init
                0x00000000000bf340                trace_set_replay_mem
                0x00000000000bf540                trace_replay_take
                0x00000000000bf880                trace_thread_release
                0x00000000000bfe80                trace_shutdown
                0x00000000000c0040                trace_line
                0x00000000000c00c0                trace_assign
                0x00000000000c0780                trace_assign_tape_only
                0x00000000000c0e40                trace_assign_filtered
                0x00000000000c1500                trace_nondet_value
 *fill*         0x00000000000c1833        0xd 
 .text          0x00000000000c1840     0x1563 /home/jon/src/wt/ouro-gap-20260911/aot/build/libeigsrt.a(eigs_embed.o)
                0x00000000000c1c40                eigs_state_init_runtime
                0x00000000000c1d00                eigs_open
                0x00000000000c1e00                eigs_close
                0x00000000000c1ec0                eigs_set_eval_observer_isolated
                0x00000000000c1f00                eigs_eval_string
                0x00000000000c1f40                eigs_eval_file
                0x00000000000c2000                eigs_last_error_message
                0x00000000000c2080                eigs_has_error
                0x00000000000c20c0                eigs_last_error_kind
                0x00000000000c2140                eigs_last_error_line
                0x00000000000c21c0                eigs_clear_error
                0x00000000000c2240                eigs_set_global
                0x00000000000c22c0                eigs_get_global
                0x00000000000c2380                eigs_value_new_num
                0x00000000000c23c0                eigs_value_new_string
                0x00000000000c2400                eigs_value_new_null
                0x00000000000c2440                eigs_value_new_list
                0x00000000000c2480                eigs_value_new_dict
                0x00000000000c24c0                eigs_value_retain
                0x00000000000c2540                eigs_value_release
                0x00000000000c2600                eigs_value_type
                0x00000000000c2740                eigs_value_as_num
                0x00000000000c2780                eigs_value_as_string
                0x00000000000c27c0                eigs_value_list_len
                0x00000000000c2800                eigs_value_list_get
                0x00000000000c2880                eigs_value_list_append
                0x00000000000c28c0                eigs_value_dict_get
                0x00000000000c2980                eigs_value_dict_set
                0x00000000000c29c0                eigs_value_new_buffer
                0x00000000000c2a40                eigs_value_buffer_len
                0x00000000000c2a80                eigs_value_buffer_get
                0x00000000000c2b00                eigs_value_buffer_set
                0x00000000000c2b40                eigs_set_trace_sink
                0x00000000000c2b80                eigs_set_replay_tape
                0x00000000000c2bc0                eigs_replay_take
                0x00000000000c2c00                eigs_trace_record_nondet
                0x00000000000c2c40                eigs_set_abort_flag
                0x00000000000c2c80                eigs_register_function
                0x00000000000c2d40                eigs_set_source_provider
                0x00000000000c2d80                eigs_source_lookup
 *fill*         0x00000000000c2da3       0x1d 
 .text          0x00000000000c2dc0     0x3f10 /home/jon/src/wt/ouro-gap-20260911/aot/build/libeigsrt.a(lexer.o)
                0x00000000000c6200                tok_base_string_id_count
                0x00000000000c6240                tok_base_string
                0x00000000000c6cc0                tokenize
 .text          0x00000000000c6cd0       0x12 /usr/lib/x86_64-linux-gnu/libc_nonshared.a(atexit.oS)
                0x00000000000c6cd0                atexit
 .text          0x00000000000c6ce2        0x0 /usr/lib/gcc/x86_64-linux-gnu/13/crtendS.o
 .text          0x00000000000c6ce2        0x0 /usr/lib/gcc/x86_64-linux-gnu/13/../../../x86_64-linux-gnu/crtn.o
 *(.gnu.warning)

.fini           0x00000000000c6ce4        0xd
 *(SORT_NONE(.fini))
 .fini          0x00000000000c6ce4        0x8 /usr/lib/gcc/x86_64-linux-gnu/13/../../../x86_64-linux-gnu/crti.o
                0x00000000000c6ce4                _fini
 .fini          0x00000000000c6cec        0x5 /usr/lib/gcc/x86_64-linux-gnu/13/../../../x86_64-linux-gnu/crtn.o
                [!provide]                        PROVIDE (__etext = .)
                [!provide]                        PROVIDE (_etext = .)
                [!provide]                        PROVIDE (etext = .)
                0x00000000000c7000                . = ALIGN (CONSTANT (MAXPAGESIZE))
                0x00000000000c7000                . = SEGMENT_START ("rodata-segment", (ALIGN (CONSTANT (MAXPAGESIZE)) + (. & (CONSTANT (MAXPAGESIZE) - 0x1))))

.rodata         0x00000000000c7000     0x9a50
 *(.rodata .rodata.* .gnu.linkonce.r.*)
 .rodata.cst4   0x00000000000c7000       0x10 /usr/lib/gcc/x86_64-linux-gnu/13/../../../x86_64-linux-gnu/Scrt1.o
                                          0x4 (size before relaxing)
                0x00000000000c7000                _IO_stdin_used
 .rodata.str1.1
                0x00000000000c7010     0x2654 /tmp/ccOHOtSA.o
                                         0xfa (size before relaxing)
 *fill*         0x00000000000c9664        0x4 
 .rodata.str1.8
                0x00000000000c9668     0x4f59 /tmp/ccOHOtSA.o
                                         0x1f (size before relaxing)
 *fill*         0x00000000000ce5c1        0xf 
 .rodata.cst16  0x00000000000ce5d0      0x340 /tmp/ccOHOtSA.o
                                         0x60 (size before relaxing)
 .rodata.str1.8
                0x00000000000ce910      0x1ee /tmp/ems-close-20260911/gc-controls/candidate.o
 .rodata.str1.1
                0x00000000000ce910      0x3ce /tmp/ems-close-20260911/gc-controls/candidate.o
 .rodata        0x00000000000ce910      0x370 /tmp/ems-close-20260911/gc-controls/candidate.o
 .rodata.cst16  0x00000000000cec80      0x130 /tmp/ems-close-20260911/gc-controls/candidate.o
 .rodata.cst8   0x00000000000cec80      0x248 /tmp/ems-close-20260911/gc-controls/candidate.o
                                         0x48 (size before relaxing)
 .rodata        0x00000000000ceec8      0x31c /home/jon/src/wt/ouro-gap-20260911/aot/build/libeigsrt.a(parser.o)
 .rodata.str1.8
                0x00000000000cf1e4      0x67e /home/jon/src/wt/ouro-gap-20260911/aot/build/libeigsrt.a(parser.o)
 .rodata.str1.1
                0x00000000000cf1e4       0xc1 /home/jon/src/wt/ouro-gap-20260911/aot/build/libeigsrt.a(parser.o)
 .rodata.cst16  0x00000000000cf1e4       0x70 /home/jon/src/wt/ouro-gap-20260911/aot/build/libeigsrt.a(parser.o)
 .rodata.str1.1
                0x00000000000cf1e4      0xf7e /home/jon/src/wt/ouro-gap-20260911/aot/build/libeigsrt.a(builtins.o)
 .rodata.str1.8
                0x00000000000cf1e4     0x1999 /home/jon/src/wt/ouro-gap-20260911/aot/build/libeigsrt.a(builtins.o)
 .rodata        0x00000000000cf1e4      0x178 /home/jon/src/wt/ouro-gap-20260911/aot/build/libeigsrt.a(builtins.o)
 .rodata.cst8   0x00000000000cf35c       0xd8 /home/jon/src/wt/ouro-gap-20260911/aot/build/libeigsrt.a(builtins.o)
 .rodata.cst16  0x00000000000cf35c       0x20 /home/jon/src/wt/ouro-gap-20260911/aot/build/libeigsrt.a(builtins.o)
 .rodata.str1.1
                0x00000000000cf35c      0x440 /home/jon/src/wt/ouro-gap-20260911/aot/build/libeigsrt.a(builtins_host.o)
 .rodata.str1.8
                0x00000000000cf35c      0x8a7 /home/jon/src/wt/ouro-gap-20260911/aot/build/libeigsrt.a(builtins_host.o)
 .rodata.cst8   0x00000000000cf35c       0x30 /home/jon/src/wt/ouro-gap-20260911/aot/build/libeigsrt.a(builtins_host.o)
 .rodata.cst16  0x00000000000cf35c       0x40 /home/jon/src/wt/ouro-gap-20260911/aot/build/libeigsrt.a(builtins_host.o)
 .rodata.str1.8
                0x00000000000cf35c      0x17f /home/jon/src/wt/ouro-gap-20260911/aot/build/libeigsrt.a(builtins_tensor.o)
 .rodata.str1.1
                0x00000000000cf35c      0x103 /home/jon/src/wt/ouro-gap-20260911/aot/build/libeigsrt.a(builtins_tensor.o)
 .rodata.cst16  0x00000000000cf35c       0x10 /home/jon/src/wt/ouro-gap-20260911/aot/build/libeigsrt.a(builtins_tensor.o)
 .rodata.cst8   0x00000000000cf35c       0x40 /home/jon/src/wt/ouro-gap-20260911/aot/build/libeigsrt.a(builtins_tensor.o)
 .rodata.str1.8
                0x00000000000cf35c       0x9b /home/jon/src/wt/ouro-gap-20260911/aot/build/libeigsrt.a(hash.o)
 .rodata.str1.1
                0x00000000000cf35c       0x9d /home/jon/src/wt/ouro-gap-20260911/aot/build/libeigsrt.a(hash.o)
 *fill*         0x00000000000cf35c        0x4 
 .rodata        0x00000000000cf360      0x300 /home/jon/src/wt/ouro-gap-20260911/aot/build/libeigsrt.a(hash.o)
 .rodata.cst16  0x00000000000cf660       0x60 /home/jon/src/wt/ouro-gap-20260911/aot/build/libeigsrt.a(hash.o)
 .rodata.cst8   0x00000000000cf660       0x10 /home/jon/src/wt/ouro-gap-20260911/aot/build/libeigsrt.a(hash.o)
 .rodata.str1.8
                0x00000000000cf660       0x32 /home/jon/src/wt/ouro-gap-20260911/aot/build/libeigsrt.a(arena.o)
 .rodata.str1.1
                0x00000000000cf660        0x1 /home/jon/src/wt/ouro-gap-20260911/aot/build/libeigsrt.a(arena.o)
 .rodata.str1.1
                0x00000000000cf660       0x2b /home/jon/src/wt/ouro-gap-20260911/aot/build/libeigsrt.a(state.o)
 .rodata.str1.8
                0x00000000000cf660       0x60 /home/jon/src/wt/ouro-gap-20260911/aot/build/libeigsrt.a(state.o)
 .rodata.cst8   0x00000000000cf660       0x18 /home/jon/src/wt/ouro-gap-20260911/aot/build/libeigsrt.a(state.o)
 .rodata.str1.1
                0x00000000000cf660      0x1b5 /home/jon/src/wt/ouro-gap-20260911/aot/build/libeigsrt.a(ext_store.o)
 .rodata        0x00000000000cf660       0x28 /home/jon/src/wt/ouro-gap-20260911/aot/build/libeigsrt.a(ext_store.o)
 .rodata.str1.8
                0x00000000000cf688      0x8a9 /home/jon/src/wt/ouro-gap-20260911/aot/build/libeigsrt.a(ext_store.o)
 .rodata.cst16  0x00000000000cf688       0x10 /home/jon/src/wt/ouro-gap-20260911/aot/build/libeigsrt.a(ext_store.o)
 .rodata.cst8   0x00000000000cf688       0x38 /home/jon/src/wt/ouro-gap-20260911/aot/build/libeigsrt.a(ext_store.o)
 .rodata        0x00000000000cf688      0x540 /home/jon/src/wt/ouro-gap-20260911/aot/build/libeigsrt.a(chunk.o)
 .rodata.str1.1
                0x00000000000cfbc8      0x5af /home/jon/src/wt/ouro-gap-20260911/aot/build/libeigsrt.a(chunk.o)
 .rodata.str1.8
                0x00000000000cfbc8      0x193 /home/jon/src/wt/ouro-gap-20260911/aot/build/libeigsrt.a(chunk.o)
 *fill*         0x00000000000cfbc8       0x18 
 .rodata        0x00000000000cfbe0      0x63d /home/jon/src/wt/ouro-gap-20260911/aot/build/libeigsrt.a(compiler.o)
 .rodata.str1.8
                0x00000000000d021d      0x445 /home/jon/src/wt/ouro-gap-20260911/aot/build/libeigsrt.a(compiler.o)
 .rodata.str1.1
                0x00000000000d021d      0x17c /home/jon/src/wt/ouro-gap-20260911/aot/build/libeigsrt.a(compiler.o)
 .rodata.cst8   0x00000000000d021d        0x8 /home/jon/src/wt/ouro-gap-20260911/aot/build/libeigsrt.a(compiler.o)
 .rodata.str1.1
                0x00000000000d021d      0x322 /home/jon/src/wt/ouro-gap-20260911/aot/build/libeigsrt.a(vm.o)
 .rodata.str1.8
                0x00000000000d021d      0xc0a /home/jon/src/wt/ouro-gap-20260911/aot/build/libeigsrt.a(vm.o)
 *fill*         0x00000000000d021d        0x3 
 .rodata        0x00000000000d0220      0x1ac /home/jon/src/wt/ouro-gap-20260911/aot/build/libeigsrt.a(vm.o)
 .rodata.cst8   0x00000000000d03cc       0x20 /home/jon/src/wt/ouro-gap-20260911/aot/build/libeigsrt.a(vm.o)
 .rodata.cst16  0x00000000000d03cc       0x80 /home/jon/src/wt/ouro-gap-20260911/aot/build/libeigsrt.a(vm.o)
 .rodata        0x00000000000d03cc      0x29d /home/jon/src/wt/ouro-gap-20260911/aot/build/libeigsrt.a(jit.o)
 .rodata.str1.1
                0x00000000000d0669      0x200 /home/jon/src/wt/ouro-gap-20260911/aot/build/libeigsrt.a(jit.o)
 .rodata.str1.8
                0x00000000000d0669      0x25e /home/jon/src/wt/ouro-gap-20260911/aot/build/libeigsrt.a(jit.o)
 .rodata.cst8   0x00000000000d0669       0xc8 /home/jon/src/wt/ouro-gap-20260911/aot/build/libeigsrt.a(jit.o)
 .rodata.cst16  0x00000000000d0669       0x70 /home/jon/src/wt/ouro-gap-20260911/aot/build/libeigsrt.a(jit.o)
 .rodata.cst4   0x00000000000d0669        0xc /home/jon/src/wt/ouro-gap-20260911/aot/build/libeigsrt.a(jit.o)
 .rodata.str1.8
                0x00000000000d0669      0x338 /home/jon/src/wt/ouro-gap-20260911/aot/build/libeigsrt.a(trace.o)
 .rodata.str1.1
                0x00000000000d0669       0xf2 /home/jon/src/wt/ouro-gap-20260911/aot/build/libeigsrt.a(trace.o)
 *fill*         0x00000000000d0669        0x3 
 .rodata        0x00000000000d066c       0xa0 /home/jon/src/wt/ouro-gap-20260911/aot/build/libeigsrt.a(trace.o)
 .rodata.cst8   0x00000000000d070c        0x8 /home/jon/src/wt/ouro-gap-20260911/aot/build/libeigsrt.a(trace.o)
 .rodata.str1.1
                0x00000000000d070c        0x4 /home/jon/src/wt/ouro-gap-20260911/aot/build/libeigsrt.a(eigs_embed.o)
 .rodata.str1.8
                0x00000000000d070c       0xc3 /home/jon/src/wt/ouro-gap-20260911/aot/build/libeigsrt.a(eigs_embed.o)
 .rodata        0x00000000000d070c       0x24 /home/jon/src/wt/ouro-gap-20260911/aot/build/libeigsrt.a(eigs_embed.o)
 .rodata.str1.1
                0x00000000000d0730      0x2f8 /home/jon/src/wt/ouro-gap-20260911/aot/build/libeigsrt.a(lexer.o)
 .rodata.str1.8
                0x00000000000d0730      0x259 /home/jon/src/wt/ouro-gap-20260911/aot/build/libeigsrt.a(lexer.o)
 .rodata        0x00000000000d0730      0x320 /home/jon/src/wt/ouro-gap-20260911/aot/build/libeigsrt.a(lexer.o)
 .rodata.cst8   0x00000000000d0a50        0x8 /home/jon/src/wt/ouro-gap-20260911/aot/build/libeigsrt.a(lexer.o)

.rodata1
 *(.rodata1)

.eh_frame_hdr   0x00000000000d0a50     0x1924
 *(.eh_frame_hdr)
 .eh_frame_hdr  0x00000000000d0a50     0x1924 /usr/lib/gcc/x86_64-linux-gnu/13/../../../x86_64-linux-gnu/Scrt1.o
                0x00000000000d0a50                __GNU_EH_FRAME_HDR
 *(.eh_frame_entry .eh_frame_entry.*)

.eh_frame       0x00000000000d2378     0xb730
 *(.eh_frame)
 .eh_frame      0x00000000000d2378       0x30 /usr/lib/gcc/x86_64-linux-gnu/13/../../../x86_64-linux-gnu/Scrt1.o
                                         0x2c (size before relaxing)
 *fill*         0x00000000000d23a8        0x0 
 .eh_frame      0x00000000000d23a8       0x28 /usr/lib/gcc/x86_64-linux-gnu/13/../../../x86_64-linux-gnu/Scrt1.o
                                         0x40 (size before relaxing)
 .eh_frame      0x00000000000d23d0       0x18 /usr/lib/gcc/x86_64-linux-gnu/13/../../../x86_64-linux-gnu/Scrt1.o
                                         0x30 (size before relaxing)
 .eh_frame      0x00000000000d23e8       0x18 /usr/lib/gcc/x86_64-linux-gnu/13/../../../x86_64-linux-gnu/Scrt1.o
                                         0x30 (size before relaxing)
 .eh_frame      0x00000000000d2400       0x50 /tmp/ccOHOtSA.o
                                         0x68 (size before relaxing)
 .eh_frame      0x00000000000d2450     0x2270 /tmp/ems-close-20260911/gc-controls/candidate.o
                                       0x2288 (size before relaxing)
 .eh_frame      0x00000000000d46c0      0x710 /home/jon/src/wt/ouro-gap-20260911/aot/build/libeigsrt.a(parser.o)
                                        0x728 (size before relaxing)
 .eh_frame      0x00000000000d4dd0     0x2c80 /home/jon/src/wt/ouro-gap-20260911/aot/build/libeigsrt.a(builtins.o)
                                       0x2c98 (size before relaxing)
 .eh_frame      0x00000000000d7a50      0xb10 /home/jon/src/wt/ouro-gap-20260911/aot/build/libeigsrt.a(builtins_host.o)
                                        0xb28 (size before relaxing)
 .eh_frame      0x00000000000d8560      0xf78 /home/jon/src/wt/ouro-gap-20260911/aot/build/libeigsrt.a(builtins_tensor.o)
                                        0xf90 (size before relaxing)
 .eh_frame      0x00000000000d94d8      0x350 /home/jon/src/wt/ouro-gap-20260911/aot/build/libeigsrt.a(hash.o)
                                        0x368 (size before relaxing)
 .eh_frame      0x00000000000d9828      0x278 /home/jon/src/wt/ouro-gap-20260911/aot/build/libeigsrt.a(arena.o)
                                        0x290 (size before relaxing)
 .eh_frame      0x00000000000d9aa0      0x130 /home/jon/src/wt/ouro-gap-20260911/aot/build/libeigsrt.a(state.o)
                                        0x148 (size before relaxing)
 .eh_frame      0x00000000000d9bd0      0x1e0 /home/jon/src/wt/ouro-gap-20260911/aot/build/libeigsrt.a(strbuf.o)
                                        0x1f8 (size before relaxing)
 .eh_frame      0x00000000000d9db0      0x830 /home/jon/src/wt/ouro-gap-20260911/aot/build/libeigsrt.a(ext_store.o)
                                        0x848 (size before relaxing)
 .eh_frame      0x00000000000da5e0      0x518 /home/jon/src/wt/ouro-gap-20260911/aot/build/libeigsrt.a(chunk.o)
                                        0x530 (size before relaxing)
 .eh_frame      0x00000000000daaf8      0xb08 /home/jon/src/wt/ouro-gap-20260911/aot/build/libeigsrt.a(compiler.o)
                                        0xb20 (size before relaxing)
 .eh_frame      0x00000000000db600     0x1240 /home/jon/src/wt/ouro-gap-20260911/aot/build/libeigsrt.a(vm.o)
                                       0x1258 (size before relaxing)
 .eh_frame      0x00000000000dc840      0x3d8 /home/jon/src/wt/ouro-gap-20260911/aot/build/libeigsrt.a(jit.o)
                                        0x3f0 (size before relaxing)
 .eh_frame      0x00000000000dcc18      0x978 /home/jon/src/wt/ouro-gap-20260911/aot/build/libeigsrt.a(trace.o)
                                        0x990 (size before relaxing)
 .eh_frame      0x00000000000dd590      0x470 /home/jon/src/wt/ouro-gap-20260911/aot/build/libeigsrt.a(eigs_embed.o)
                                        0x488 (size before relaxing)
 .eh_frame      0x00000000000dda00       0x90 /home/jon/src/wt/ouro-gap-20260911/aot/build/libeigsrt.a(lexer.o)
                                         0xa8 (size before relaxing)
 .eh_frame      0x00000000000dda90       0x14 /usr/lib/x86_64-linux-gnu/libc_nonshared.a(atexit.oS)
                                         0x30 (size before relaxing)
 .eh_frame      0x00000000000ddaa4        0x4 /usr/lib/gcc/x86_64-linux-gnu/13/crtendS.o
 *(.eh_frame.*)

.sframe         0x00000000000ddaa8        0x0
 *(.sframe)
 .sframe        0x00000000000ddaa8        0x0 /usr/lib/gcc/x86_64-linux-gnu/13/../../../x86_64-linux-gnu/Scrt1.o
 .sframe        0x00000000000ddaa8        0x0 /usr/lib/gcc/x86_64-linux-gnu/13/../../../x86_64-linux-gnu/Scrt1.o
 *(.sframe.*)

.gcc_except_table
 *(.gcc_except_table .gcc_except_table.*)

.gnu_extab
 *(.gnu_extab*)

.exception_ranges
 *(.exception_ranges*)
                0x00000000000dede0                . = DATA_SEGMENT_ALIGN (CONSTANT (MAXPAGESIZE), CONSTANT (COMMONPAGESIZE))

.eh_frame
 *(.eh_frame)
 *(.eh_frame.*)

.sframe
 *(.sframe)
 *(.sframe.*)

.gnu_extab
 *(.gnu_extab)

.gcc_except_table
 *(.gcc_except_table .gcc_except_table.*)

.exception_ranges
 *(.exception_ranges*)

.tdata          0x00000000000dede0        0x8
                [!provide]                        PROVIDE (__tdata_start = .)
 *(.tdata .tdata.* .gnu.linkonce.td.*)
 .tdata         0x00000000000dede0        0x4 /home/jon/src/wt/ouro-gap-20260911/aot/build/libeigsrt.a(parser.o)
 .tdata         0x00000000000dede4        0x4 /home/jon/src/wt/ouro-gap-20260911/aot/build/libeigsrt.a(compiler.o)
                0x00000000000dede4                g_obs_mute_saved_fd

.tbss           0x00000000000dede8      0x840
 *(.tbss .tbss.* .gnu.linkonce.tb.*)
 .tbss          0x00000000000dede8        0x4 /home/jon/src/wt/ouro-gap-20260911/aot/build/libeigsrt.a(parser.o)
 .tbss          0x00000000000dedec        0xc /home/jon/src/wt/ouro-gap-20260911/aot/build/libeigsrt.a(builtins.o)
 .tbss          0x00000000000dedf8        0x8 /home/jon/src/wt/ouro-gap-20260911/aot/build/libeigsrt.a(state.o)
                0x00000000000dedf8                eigs_current
 .tbss          0x00000000000dee00       0x18 /home/jon/src/wt/ouro-gap-20260911/aot/build/libeigsrt.a(compiler.o)
 .tbss          0x00000000000dee18      0x810 /home/jon/src/wt/ouro-gap-20260911/aot/build/libeigsrt.a(vm.o)
 *(.tcommon)

.preinit_array  0x00000000000dede8        0x0
                [!provide]                        PROVIDE (__preinit_array_start = .)
 *(.preinit_array)
                [!provide]                        PROVIDE (__preinit_array_end = .)

.init_array     0x00000000000dede8       0x10
                [!provide]                        PROVIDE (__init_array_start = .)
 *(SORT_BY_INIT_PRIORITY(.init_array.*) SORT_BY_INIT_PRIORITY(.ctors.*))
 *(.init_array EXCLUDE_FILE(*crtend?.o *crtend.o *crtbegin?.o *crtbegin.o) .ctors)
 .init_array    0x00000000000dede8        0x8 /usr/lib/gcc/x86_64-linux-gnu/13/crtbeginS.o
 .init_array    0x00000000000dedf0        0x8 /home/jon/src/wt/ouro-gap-20260911/aot/build/libeigsrt.a(jit.o)
                [!provide]                        PROVIDE (__init_array_end = .)

.fini_array     0x00000000000dedf8        0x8
                [!provide]                        PROVIDE (__fini_array_start = .)
 *(SORT_BY_INIT_PRIORITY(.fini_array.*) SORT_BY_INIT_PRIORITY(.dtors.*))
 *(.fini_array EXCLUDE_FILE(*crtend?.o *crtend.o *crtbegin?.o *crtbegin.o) .dtors)
 .fini_array    0x00000000000dedf8        0x8 /usr/lib/gcc/x86_64-linux-gnu/13/crtbeginS.o
                [!provide]                        PROVIDE (__fini_array_end = .)

.ctors
 *crtbegin.o(.ctors)
 *crtbegin?.o(.ctors)
 *(EXCLUDE_FILE(*crtend?.o *crtend.o) .ctors)
 *(SORT_BY_NAME(.ctors.*))
 *(.ctors)

.dtors
 *crtbegin.o(.dtors)
 *crtbegin?.o(.dtors)
 *(EXCLUDE_FILE(*crtend?.o *crtend.o) .dtors)
 *(SORT_BY_NAME(.dtors.*))
 *(.dtors)

.jcr
 *(.jcr)

.data.rel.ro    0x00000000000dee00      0xb90
 *(.data.rel.ro.local* .gnu.linkonce.d.rel.ro.local.*)
 .data.rel.ro.local
                0x00000000000dee00       0x70 /tmp/ems-close-20260911/gc-controls/candidate.o
 *fill*         0x00000000000dee70       0x10 
 .data.rel.ro.local
                0x00000000000dee80      0x748 /home/jon/src/wt/ouro-gap-20260911/aot/build/libeigsrt.a(builtins.o)
 *fill*         0x00000000000df5c8       0x18 
 .data.rel.ro.local
                0x00000000000df5e0       0x50 /home/jon/src/wt/ouro-gap-20260911/aot/build/libeigsrt.a(chunk.o)
 *fill*         0x00000000000df630       0x10 
 .data.rel.ro.local
                0x00000000000df640       0x50 /home/jon/src/wt/ouro-gap-20260911/aot/build/libeigsrt.a(compiler.o)
 *fill*         0x00000000000df690       0x10 
 .data.rel.ro.local
                0x00000000000df6a0      0x2f0 /home/jon/src/wt/ouro-gap-20260911/aot/build/libeigsrt.a(vm.o)
 *(.data.rel.ro .data.rel.ro.* .gnu.linkonce.d.rel.ro.*)
 .data.rel.ro   0x00000000000df990        0x0 /usr/lib/gcc/x86_64-linux-gnu/13/../../../x86_64-linux-gnu/Scrt1.o

.dynamic        0x00000000000df990      0x200
 *(.dynamic)
 .dynamic       0x00000000000df990      0x200 /usr/lib/gcc/x86_64-linux-gnu/13/../../../x86_64-linux-gnu/Scrt1.o
                0x00000000000df990                _DYNAMIC

.got            0x00000000000dfb90      0x458
 *(.got.plt)
 .got.plt       0x00000000000dfb90      0x420 /usr/lib/gcc/x86_64-linux-gnu/13/../../../x86_64-linux-gnu/Scrt1.o
                0x00000000000dfb90                _GLOBAL_OFFSET_TABLE_
 *(.igot.plt)
 *(.got)
 .got           0x00000000000dffb0       0x38 /usr/lib/gcc/x86_64-linux-gnu/13/../../../x86_64-linux-gnu/Scrt1.o
 *(.igot)
                0x00000000000e0000                . = DATA_SEGMENT_RELRO_END (., 0x0)

.data           0x00000000000e0000       0x84
 *(.data .data.* .gnu.linkonce.d.*)
 .data          0x00000000000e0000        0x4 /usr/lib/gcc/x86_64-linux-gnu/13/../../../x86_64-linux-gnu/Scrt1.o
                0x00000000000e0000                data_start
                0x00000000000e0000                __data_start
 .data          0x00000000000e0004        0x0 /usr/lib/gcc/x86_64-linux-gnu/13/../../../x86_64-linux-gnu/crti.o
 .data          0x00000000000e0004        0x0 /usr/lib/gcc/x86_64-linux-gnu/13/crtbeginS.o
 *fill*         0x00000000000e0004        0x4 
 .data.rel.local
                0x00000000000e0008        0x8 /usr/lib/gcc/x86_64-linux-gnu/13/crtbeginS.o
                0x00000000000e0008                __dso_handle
 .data          0x00000000000e0010        0x0 /tmp/ccOHOtSA.o
 *fill*         0x00000000000e0010       0x10 
 .data          0x00000000000e0020       0x48 /tmp/ems-close-20260911/gc-controls/candidate.o
 .data          0x00000000000e0068        0x0 /home/jon/src/wt/ouro-gap-20260911/aot/build/libeigsrt.a(parser.o)
 .data          0x00000000000e0068        0x0 /home/jon/src/wt/ouro-gap-20260911/aot/build/libeigsrt.a(builtins.o)
 .data          0x00000000000e0068        0x0 /home/jon/src/wt/ouro-gap-20260911/aot/build/libeigsrt.a(builtins_host.o)
 .data          0x00000000000e0068        0x0 /home/jon/src/wt/ouro-gap-20260911/aot/build/libeigsrt.a(builtins_tensor.o)
 .data          0x00000000000e0068        0x0 /home/jon/src/wt/ouro-gap-20260911/aot/build/libeigsrt.a(hash.o)
 .data          0x00000000000e0068        0x0 /home/jon/src/wt/ouro-gap-20260911/aot/build/libeigsrt.a(arena.o)
 .data          0x00000000000e0068        0x0 /home/jon/src/wt/ouro-gap-20260911/aot/build/libeigsrt.a(state.o)
 .data          0x00000000000e0068        0x0 /home/jon/src/wt/ouro-gap-20260911/aot/build/libeigsrt.a(strbuf.o)
 .data          0x00000000000e0068        0x0 /home/jon/src/wt/ouro-gap-20260911/aot/build/libeigsrt.a(ext_store.o)
 .data          0x00000000000e0068        0x0 /home/jon/src/wt/ouro-gap-20260911/aot/build/libeigsrt.a(chunk.o)
 .data          0x00000000000e0068        0x4 /home/jon/src/wt/ouro-gap-20260911/aot/build/libeigsrt.a(compiler.o)
 .data          0x00000000000e006c        0x0 /home/jon/src/wt/ouro-gap-20260911/aot/build/libeigsrt.a(vm.o)
 *fill*         0x00000000000e006c        0x4 
 .data.rel.local
                0x00000000000e0070        0x8 /home/jon/src/wt/ouro-gap-20260911/aot/build/libeigsrt.a(vm.o)
                0x00000000000e0070                g_vm_abort_flag
 .data          0x00000000000e0078        0x0 /home/jon/src/wt/ouro-gap-20260911/aot/build/libeigsrt.a(jit.o)
 .data          0x00000000000e0078        0xc /home/jon/src/wt/ouro-gap-20260911/aot/build/libeigsrt.a(trace.o)
 .data          0x00000000000e0084        0x0 /home/jon/src/wt/ouro-gap-20260911/aot/build/libeigsrt.a(eigs_embed.o)
 .data          0x00000000000e0084        0x0 /home/jon/src/wt/ouro-gap-20260911/aot/build/libeigsrt.a(lexer.o)
 .data          0x00000000000e0084        0x0 /usr/lib/x86_64-linux-gnu/libc_nonshared.a(atexit.oS)
 .data          0x00000000000e0084        0x0 /usr/lib/gcc/x86_64-linux-gnu/13/crtendS.o
 .data          0x00000000000e0084        0x0 /usr/lib/gcc/x86_64-linux-gnu/13/../../../x86_64-linux-gnu/crtn.o

.tm_clone_table
                0x00000000000e0088        0x0
 .tm_clone_table
                0x00000000000e0088        0x0 /usr/lib/gcc/x86_64-linux-gnu/13/crtbeginS.o
 .tm_clone_table
                0x00000000000e0088        0x0 /usr/lib/gcc/x86_64-linux-gnu/13/crtendS.o

.data1
 *(.data1)
                0x00000000000e0084                _edata = .
                [!provide]                        PROVIDE (edata = .)
                0x00000000000e0088                . = ALIGN (ALIGNOF (NEXT_SECTION))
                0x00000000000e00a0                __bss_start = .

.bss            0x00000000000e00a0     0x9440
 *(.dynbss)
 .dynbss        0x00000000000e00a0       0x28 /usr/lib/gcc/x86_64-linux-gnu/13/../../../x86_64-linux-gnu/Scrt1.o
                0x00000000000e00a0                stdout@@GLIBC_2.2.5
                0x00000000000e00b0                stdin@@GLIBC_2.2.5
                0x00000000000e00c0                stderr@@GLIBC_2.2.5
 *(.bss .bss.* .gnu.linkonce.b.*)
 .bss           0x00000000000e00c8        0x0 /usr/lib/gcc/x86_64-linux-gnu/13/../../../x86_64-linux-gnu/Scrt1.o
 .bss           0x00000000000e00c8        0x0 /usr/lib/gcc/x86_64-linux-gnu/13/../../../x86_64-linux-gnu/crti.o
 .bss           0x00000000000e00c8        0x1 /usr/lib/gcc/x86_64-linux-gnu/13/crtbeginS.o
 *fill*         0x00000000000e00c9        0x3 
 .bss           0x00000000000e00cc        0x4 /tmp/ccOHOtSA.o
 *fill*         0x00000000000e00d0       0x10 
 .bss           0x00000000000e00e0     0x81b8 /tmp/ems-close-20260911/gc-controls/candidate.o
 .bss           0x00000000000e8298        0x8 /home/jon/src/wt/ouro-gap-20260911/aot/build/libeigsrt.a(parser.o)
 .bss           0x00000000000e82a0       0x14 /home/jon/src/wt/ouro-gap-20260911/aot/build/libeigsrt.a(builtins.o)
                0x00000000000e82a0                g_argv
                0x00000000000e82a8                g_argc
 *fill*         0x00000000000e82b4        0xc 
 .bss           0x00000000000e82c0       0x5c /home/jon/src/wt/ouro-gap-20260911/aot/build/libeigsrt.a(builtins_host.o)
 .bss           0x00000000000e831c        0x0 /home/jon/src/wt/ouro-gap-20260911/aot/build/libeigsrt.a(builtins_tensor.o)
 .bss           0x00000000000e831c        0x0 /home/jon/src/wt/ouro-gap-20260911/aot/build/libeigsrt.a(hash.o)
 .bss           0x00000000000e831c        0x0 /home/jon/src/wt/ouro-gap-20260911/aot/build/libeigsrt.a(arena.o)
 *fill*         0x00000000000e831c        0x4 
 .bss           0x00000000000e8320       0x48 /home/jon/src/wt/ouro-gap-20260911/aot/build/libeigsrt.a(state.o)
 .bss           0x00000000000e8368        0x0 /home/jon/src/wt/ouro-gap-20260911/aot/build/libeigsrt.a(strbuf.o)
 .bss           0x00000000000e8368        0x0 /home/jon/src/wt/ouro-gap-20260911/aot/build/libeigsrt.a(ext_store.o)
 .bss           0x00000000000e8368        0x0 /home/jon/src/wt/ouro-gap-20260911/aot/build/libeigsrt.a(chunk.o)
 .bss           0x00000000000e8368        0x4 /home/jon/src/wt/ouro-gap-20260911/aot/build/libeigsrt.a(compiler.o)
                0x00000000000e8368                g_compile_module_slots
 *fill*         0x00000000000e836c        0x4 
 .bss           0x00000000000e8370       0x20 /home/jon/src/wt/ouro-gap-20260911/aot/build/libeigsrt.a(vm.o)
                0x00000000000e8370                g_vm_abort_never
                0x00000000000e8374                g_eigs_sigusr1_pending
 *fill*         0x00000000000e8390       0x10 
 .bss           0x00000000000e83a0       0x64 /home/jon/src/wt/ouro-gap-20260911/aot/build/libeigsrt.a(jit.o)
 *fill*         0x00000000000e8404       0x1c 
 .bss           0x00000000000e8420     0x10b0 /home/jon/src/wt/ouro-gap-20260911/aot/build/libeigsrt.a(trace.o)
                0x00000000000e8420                g_trace_current_line
                0x00000000000e8424                g_trace_hist_storage
                0x00000000000e8428                g_trace_obs_hist_storage
                0x00000000000e842c                g_replay_enabled
                0x00000000000e8430                g_trace_enabled
 .bss           0x00000000000e94d0       0x10 /home/jon/src/wt/ouro-gap-20260911/aot/build/libeigsrt.a(eigs_embed.o)
 .bss           0x00000000000e94e0        0x0 /home/jon/src/wt/ouro-gap-20260911/aot/build/libeigsrt.a(lexer.o)
 .bss           0x00000000000e94e0        0x0 /usr/lib/x86_64-linux-gnu/libc_nonshared.a(atexit.oS)
 .bss           0x00000000000e94e0        0x0 /usr/lib/gcc/x86_64-linux-gnu/13/crtendS.o
 .bss           0x00000000000e94e0        0x0 /usr/lib/gcc/x86_64-linux-gnu/13/../../../x86_64-linux-gnu/crtn.o
 *(COMMON)
                0x00000000000e94e0                . = ALIGN ((. != 0x0)?0x8:0x1)

.lbss
 *(.dynlbss)
 *(.lbss .lbss.* .gnu.linkonce.lb.*)
 *(LARGE_COMMON)
                0x00000000000e94e0                . = ALIGN (0x8)
                0x00000000000e94e0                . = SEGMENT_START ("ldata-segment", .)

.lrodata
 *(.lrodata .lrodata.* .gnu.linkonce.lr.*)

.ldata          0x00000000000eb4e0        0x0
 *(.ldata .ldata.* .gnu.linkonce.l.*)
                0x00000000000eb4e0                . = ALIGN ((. != 0x0)?0x8:0x1)
                0x00000000000eb4e0                . = ALIGN (0x8)
                0x00000000000e94e0                _end = .
                [!provide]                        PROVIDE (end = .)
                0x00000000000eb4e0                . = DATA_SEGMENT_END (.)

.stab
 *(.stab)

.stabstr
 *(.stabstr)

.stab.excl
 *(.stab.excl)

.stab.exclstr
 *(.stab.exclstr)

.stab.index
 *(.stab.index)

.stab.indexstr
 *(.stab.indexstr)

.comment        0x0000000000000000       0x2d
 *(.comment)
 .comment       0x0000000000000000       0x2d /usr/lib/gcc/x86_64-linux-gnu/13/crtbeginS.o
                                         0x2e (size before relaxing)
 .comment       0x000000000000002d       0x2e /tmp/ccOHOtSA.o
 .comment       0x000000000000002d       0x2e /tmp/ems-close-20260911/gc-controls/candidate.o
 .comment       0x000000000000002d       0x2e /home/jon/src/wt/ouro-gap-20260911/aot/build/libeigsrt.a(parser.o)
 .comment       0x000000000000002d       0x2e /home/jon/src/wt/ouro-gap-20260911/aot/build/libeigsrt.a(builtins.o)
 .comment       0x000000000000002d       0x2e /home/jon/src/wt/ouro-gap-20260911/aot/build/libeigsrt.a(builtins_host.o)
 .comment       0x000000000000002d       0x2e /home/jon/src/wt/ouro-gap-20260911/aot/build/libeigsrt.a(builtins_tensor.o)
 .comment       0x000000000000002d       0x2e /home/jon/src/wt/ouro-gap-20260911/aot/build/libeigsrt.a(hash.o)
 .comment       0x000000000000002d       0x2e /home/jon/src/wt/ouro-gap-20260911/aot/build/libeigsrt.a(arena.o)
 .comment       0x000000000000002d       0x2e /home/jon/src/wt/ouro-gap-20260911/aot/build/libeigsrt.a(state.o)
 .comment       0x000000000000002d       0x2e /home/jon/src/wt/ouro-gap-20260911/aot/build/libeigsrt.a(strbuf.o)
 .comment       0x000000000000002d       0x2e /home/jon/src/wt/ouro-gap-20260911/aot/build/libeigsrt.a(ext_store.o)
 .comment       0x000000000000002d       0x2e /home/jon/src/wt/ouro-gap-20260911/aot/build/libeigsrt.a(chunk.o)
 .comment       0x000000000000002d       0x2e /home/jon/src/wt/ouro-gap-20260911/aot/build/libeigsrt.a(compiler.o)
 .comment       0x000000000000002d       0x2e /home/jon/src/wt/ouro-gap-20260911/aot/build/libeigsrt.a(vm.o)
 .comment       0x000000000000002d       0x2e /home/jon/src/wt/ouro-gap-20260911/aot/build/libeigsrt.a(jit.o)
 .comment       0x000000000000002d       0x2e /home/jon/src/wt/ouro-gap-20260911/aot/build/libeigsrt.a(trace.o)
 .comment       0x000000000000002d       0x2e /home/jon/src/wt/ouro-gap-20260911/aot/build/libeigsrt.a(eigs_embed.o)
 .comment       0x000000000000002d       0x2e /home/jon/src/wt/ouro-gap-20260911/aot/build/libeigsrt.a(lexer.o)
 .comment       0x000000000000002d       0x2e /usr/lib/gcc/x86_64-linux-gnu/13/crtendS.o

.gnu.build.attributes
 *(.gnu.build.attributes .gnu.build.attributes.*)

.debug
 *(.debug)

.line
 *(.line)

.debug_srcinfo
 *(.debug_srcinfo)

.debug_sfnames
 *(.debug_sfnames)

.debug_aranges
 *(.debug_aranges)

.debug_pubnames
 *(.debug_pubnames)

.debug_info
 *(.debug_info .gnu.linkonce.wi.*)

.debug_abbrev
 *(.debug_abbrev)

.debug_line
 *(.debug_line .debug_line.* .debug_line_end)

.debug_frame
 *(.debug_frame)

.debug_str
 *(.debug_str)

.debug_loc
 *(.debug_loc)

.debug_macinfo
 *(.debug_macinfo)

.debug_weaknames
 *(.debug_weaknames)

.debug_funcnames
 *(.debug_funcnames)

.debug_typenames
 *(.debug_typenames)

.debug_varnames
 *(.debug_varnames)

.debug_pubtypes
 *(.debug_pubtypes)

.debug_ranges
 *(.debug_ranges)

.debug_addr
 *(.debug_addr)

.debug_line_str
 *(.debug_line_str)

.debug_loclists
 *(.debug_loclists)

.debug_macro
 *(.debug_macro)

.debug_names
 *(.debug_names)

.debug_rnglists
 *(.debug_rnglists)

.debug_str_offsets
 *(.debug_str_offsets)

.debug_sup
 *(.debug_sup)

.gnu.attributes
 *(.gnu.attributes)

/DISCARD/
 *(.note.GNU-stack)
 *(.gnu_debuglink)
 *(.gnu.lto_*)
OUTPUT(/tmp/ems-close-20260911/gc-controls/candidate elf64-x86-64)