WARMUP case=pigeonhole-6-5 repetition=0/5 arm=candidate
WARMUP case=tseitin-3x3-odd repetition=0/5 arm=candidate
WARMUP case=tseitin-4x4-odd repetition=0/5 arm=candidate
SAMPLE case=pigeonhole-6-5 repetition=1/5 arm=aot
SAMPLE case=pigeonhole-6-5 repetition=1/5 arm=candidate
SAMPLE case=pigeonhole-6-5 repetition=1/5 arm=native
SAMPLE case=tseitin-3x3-odd repetition=1/5 arm=candidate
SAMPLE case=tseitin-3x3-odd repetition=1/5 arm=native
SAMPLE case=tseitin-3x3-odd repetition=1/5 arm=aot
SAMPLE case=tseitin-4x4-odd repetition=1/5 arm=native
SAMPLE case=tseitin-4x4-odd repetition=1/5 arm=aot
SAMPLE case=tseitin-4x4-odd repetition=1/5 arm=candidate
SAMPLE case=pigeonhole-6-5 repetition=2/5 arm=candidate
SAMPLE case=pigeonhole-6-5 repetition=2/5 arm=native
SAMPLE case=pigeonhole-6-5 repetition=2/5 arm=aot
SAMPLE case=tseitin-3x3-odd repetition=2/5 arm=native
SAMPLE case=tseitin-3x3-odd repetition=2/5 arm=aot
SAMPLE case=tseitin-3x3-odd repetition=2/5 arm=candidate
SAMPLE case=tseitin-4x4-odd repetition=2/5 arm=aot
SAMPLE case=tseitin-4x4-odd repetition=2/5 arm=candidate
SAMPLE case=tseitin-4x4-odd repetition=2/5 arm=native
SAMPLE case=pigeonhole-6-5 repetition=3/5 arm=native
SAMPLE case=pigeonhole-6-5 repetition=3/5 arm=aot
SAMPLE case=pigeonhole-6-5 repetition=3/5 arm=candidate
SAMPLE case=tseitin-3x3-odd repetition=3/5 arm=aot
SAMPLE case=tseitin-3x3-odd repetition=3/5 arm=candidate
SAMPLE case=tseitin-3x3-odd repetition=3/5 arm=native
SAMPLE case=tseitin-4x4-odd repetition=3/5 arm=candidate
SAMPLE case=tseitin-4x4-odd repetition=3/5 arm=native
SAMPLE case=tseitin-4x4-odd repetition=3/5 arm=aot
SAMPLE case=pigeonhole-6-5 repetition=4/5 arm=aot
SAMPLE case=pigeonhole-6-5 repetition=4/5 arm=candidate
SAMPLE case=pigeonhole-6-5 repetition=4/5 arm=native
SAMPLE case=tseitin-3x3-odd repetition=4/5 arm=candidate
SAMPLE case=tseitin-3x3-odd repetition=4/5 arm=native
SAMPLE case=tseitin-3x3-odd repetition=4/5 arm=aot
SAMPLE case=tseitin-4x4-odd repetition=4/5 arm=native
SAMPLE case=tseitin-4x4-odd repetition=4/5 arm=aot
SAMPLE case=tseitin-4x4-odd repetition=4/5 arm=candidate
SAMPLE case=pigeonhole-6-5 repetition=5/5 arm=candidate
SAMPLE case=pigeonhole-6-5 repetition=5/5 arm=native
SAMPLE case=pigeonhole-6-5 repetition=5/5 arm=aot
SAMPLE case=tseitin-3x3-odd repetition=5/5 arm=native
SAMPLE case=tseitin-3x3-odd repetition=5/5 arm=aot
SAMPLE case=tseitin-3x3-odd repetition=5/5 arm=candidate
SAMPLE case=tseitin-4x4-odd repetition=5/5 arm=aot
SAMPLE case=tseitin-4x4-odd repetition=5/5 arm=candidate
SAMPLE case=tseitin-4x4-odd repetition=5/5 arm=native
SUMMARY COMPLETE cases=3 arms=3 n=5 validated_samples=45 artifacts=/tmp/ems-gap-20260911/wall-production
