Archive member included to satisfy reference by file (symbol)

/home/jon/src/wt/ouro-gap-20260911/aot/build/libeigsrt.a(parser.o)
                              /tmp/ems-close-20260911/gc-diagnostic-build/baseline.o (free_ast)
/home/jon/src/wt/ouro-gap-20260911/aot/build/libeigsrt.a(builtins.o)
                              /tmp/cc3ig9el.o (builtin_eval)
/home/jon/src/wt/ouro-gap-20260911/aot/build/libeigsrt.a(builtins_host.o)
                              /home/jon/src/wt/ouro-gap-20260911/aot/build/libeigsrt.a(builtins.o) (resolve_eigenscript_file_from)
/home/jon/src/wt/ouro-gap-20260911/aot/build/libeigsrt.a(builtins_tensor.o)
                              /home/jon/src/wt/ouro-gap-20260911/aot/build/libeigsrt.a(builtins.o) (builtin_tensor_add)
/home/jon/src/wt/ouro-gap-20260911/aot/build/libeigsrt.a(hash.o)
                              /home/jon/src/wt/ouro-gap-20260911/aot/build/libeigsrt.a(builtins.o) (register_hash_builtins)
/home/jon/src/wt/ouro-gap-20260911/aot/build/libeigsrt.a(arena.o)
                              /tmp/ems-close-20260911/gc-diagnostic-build/baseline.o (safe_size_mul)
/home/jon/src/wt/ouro-gap-20260911/aot/build/libeigsrt.a(state.o)
                              /home/jon/src/wt/ouro-gap-20260911/aot/build/libeigsrt.a(builtins.o) (eigs_thread_attach)
/home/jon/src/wt/ouro-gap-20260911/aot/build/libeigsrt.a(strbuf.o)
                              /tmp/ems-close-20260911/gc-diagnostic-build/baseline.o (strbuf_init)
/home/jon/src/wt/ouro-gap-20260911/aot/build/libeigsrt.a(ext_store.o)
                              /home/jon/src/wt/ouro-gap-20260911/aot/build/libeigsrt.a(builtins.o) (register_store_builtins)
/home/jon/src/wt/ouro-gap-20260911/aot/build/libeigsrt.a(chunk.o)
                              /home/jon/src/wt/ouro-gap-20260911/aot/build/libeigsrt.a(builtins.o) (chunk_new)
/home/jon/src/wt/ouro-gap-20260911/aot/build/libeigsrt.a(compiler.o)
                              /home/jon/src/wt/ouro-gap-20260911/aot/build/libeigsrt.a(arena.o) (eigs_obs_unmute_for_fatal)
/home/jon/src/wt/ouro-gap-20260911/aot/build/libeigsrt.a(vm.o)
                              /tmp/ems-close-20260911/gc-diagnostic-build/baseline.o (vm_obs_slot_dropped)
/home/jon/src/wt/ouro-gap-20260911/aot/build/libeigsrt.a(jit.o)
                              /home/jon/src/wt/ouro-gap-20260911/aot/build/libeigsrt.a(vm.o) (jit_register_chunk)
/home/jon/src/wt/ouro-gap-20260911/aot/build/libeigsrt.a(trace.o)
                              /tmp/cc3ig9el.o (g_trace_current_line)
/home/jon/src/wt/ouro-gap-20260911/aot/build/libeigsrt.a(eigs_embed.o)
                              /tmp/cc3ig9el.o (eigs_open)
/home/jon/src/wt/ouro-gap-20260911/aot/build/libeigsrt.a(lexer.o)
                              /home/jon/src/wt/ouro-gap-20260911/aot/build/libeigsrt.a(builtins_host.o) (tok_base_string_id_count)
/usr/lib/x86_64-linux-gnu/libc_nonshared.a(atexit.oS)
                              /tmp/ems-close-20260911/gc-diagnostic-build/baseline.o (atexit)

Merging program properties


As-needed library included to satisfy reference by file (symbol)

libm.so.6                     /home/jon/src/wt/ouro-gap-20260911/aot/build/libeigsrt.a(builtins_tensor.o) (exp@@GLIBC_2.29)
libc.so.6                     /home/jon/src/wt/ouro-gap-20260911/aot/build/libeigsrt.a(trace.o) (fgetc@@GLIBC_2.2.5)

Discarded input sections

 .note.GNU-stack
                0x0000000000000000        0x0 /usr/lib/gcc/x86_64-linux-gnu/13/../../../x86_64-linux-gnu/Scrt1.o
 .note.gnu.property
                0x0000000000000000       0x20 /usr/lib/gcc/x86_64-linux-gnu/13/../../../x86_64-linux-gnu/crti.o
 .note.GNU-stack
                0x0000000000000000        0x0 /usr/lib/gcc/x86_64-linux-gnu/13/../../../x86_64-linux-gnu/crti.o
 .note.GNU-stack
                0x0000000000000000        0x0 /usr/lib/gcc/x86_64-linux-gnu/13/crtbeginS.o
 .note.gnu.property
                0x0000000000000000       0x20 /usr/lib/gcc/x86_64-linux-gnu/13/crtbeginS.o
 .note.GNU-stack
                0x0000000000000000        0x0 /tmp/cc3ig9el.o
 .note.gnu.property
                0x0000000000000000       0x20 /tmp/cc3ig9el.o
 .note.GNU-stack
                0x0000000000000000        0x0 /tmp/ems-close-20260911/gc-diagnostic-build/baseline.o
 .note.gnu.property
                0x0000000000000000       0x20 /tmp/ems-close-20260911/gc-diagnostic-build/baseline.o
 .note.GNU-stack
                0x0000000000000000        0x0 /home/jon/src/wt/ouro-gap-20260911/aot/build/libeigsrt.a(parser.o)
 .note.gnu.property
                0x0000000000000000       0x20 /home/jon/src/wt/ouro-gap-20260911/aot/build/libeigsrt.a(parser.o)
 .note.GNU-stack
                0x0000000000000000        0x0 /home/jon/src/wt/ouro-gap-20260911/aot/build/libeigsrt.a(builtins.o)
 .note.gnu.property
                0x0000000000000000       0x20 /home/jon/src/wt/ouro-gap-20260911/aot/build/libeigsrt.a(builtins.o)
 .note.GNU-stack
[...]
Memory Configuration

Name             Origin             Length             Attributes
*default*        0x0000000000000000 0xffffffffffffffff

Linker script and memory map

LOAD /usr/lib/gcc/x86_64-linux-gnu/13/../../../x86_64-linux-gnu/Scrt1.o
LOAD /usr/lib/gcc/x86_64-linux-gnu/13/../../../x86_64-linux-gnu/crti.o
LOAD /usr/lib/gcc/x86_64-linux-gnu/13/crtbeginS.o
LOAD /tmp/cc3ig9el.o
LOAD /tmp/ems-close-20260911/gc-diagnostic-build/baseline.o
LOAD /home/jon/src/wt/ouro-gap-20260911/aot/build/libeigsrt.a
LOAD /usr/lib/gcc/x86_64-linux-gnu/13/../../../x86_64-linux-gnu/libm.so
START GROUP
LOAD /lib/x86_64-linux-gnu/libm.so.6
LOAD /lib/x86_64-linux-gnu/libmvec.so.1
END GROUP
LOAD /usr/lib/gcc/x86_64-linux-gnu/13/../../../x86_64-linux-gnu/libpthread.a
LOAD /usr/lib/gcc/x86_64-linux-gnu/13/libgcc.a
LOAD /usr/lib/gcc/x86_64-linux-gnu/13/libgcc_s.so
START GROUP
LOAD /usr/lib/gcc/x86_64-linux-gnu/13/../../../x86_64-linux-gnu/libgcc_s.so.1
LOAD /usr/lib/gcc/x86_64-linux-gnu/13/libgcc.a
END GROUP
LOAD /usr/lib/gcc/x86_64-linux-gnu/13/../../../x86_64-linux-gnu/libc.so
START GROUP
LOAD /lib/x86_64-linux-gnu/libc.so.6
LOAD /usr/lib/x86_64-linux-gnu/libc_nonshared.a
LOAD /lib64/ld-linux-x86-64.so.2
END GROUP
LOAD /usr/lib/gcc/x86_64-linux-gnu/13/libgcc.a
LOAD /usr/lib/gcc/x86_64-linux-gnu/13/libgcc_s.so
START GROUP
LOAD /usr/lib/gcc/x86_64-linux-gnu/13/../../../x86_64-linux-gnu/libgcc_s.so.1
LOAD /usr/lib/gcc/x86_64-linux-gnu/13/libgcc.a
END GROUP
LOAD /usr/lib/gcc/x86_64-linux-gnu/13/crtendS.o
LOAD /usr/lib/gcc/x86_64-linux-gnu/13/../../../x86_64-linux-gnu/crtn.o
                [!provide]                        PROVIDE (__executable_start = SEGMENT_START ("text-segment", 0x0))
                0x0000000000000350                . = (SEGMENT_START ("text-segment", 0x0) + SIZEOF_HEADERS)

.interp         0x0000000000000350       0x1c
 *(.interp)
 .interp        0x0000000000000350       0x1c /usr/lib/gcc/x86_64-linux-gnu/13/../../../x86_64-linux-gnu/Scrt1.o

.note.gnu.property
                0x0000000000000370       0x30
 .note.gnu.property
                0x0000000000000370       0x30 /usr/lib/gcc/x86_64-linux-gnu/13/../../../x86_64-linux-gnu/Scrt1.o

.note.gnu.build-id
                0x00000000000003a0       0x24
 *(.note.gnu.build-id)
 .note.gnu.build-id
                0x00000000000003a0       0x24 /usr/lib/gcc/x86_64-linux-gnu/13/../../../x86_64-linux-gnu/Scrt1.o

.note.ABI-tag   0x00000000000003c4       0x20
 .note.ABI-tag  0x00000000000003c4       0x20 /usr/lib/gcc/x86_64-linux-gnu/13/../../../x86_64-linux-gnu/Scrt1.o

.hash
 *(.hash)

.gnu.hash       0x00000000000003e8       0x38
 *(.gnu.hash)
 .gnu.hash      0x00000000000003e8       0x38 /usr/lib/gcc/x86_64-linux-gnu/13/../../../x86_64-linux-gnu/Scrt1.o

.dynsym         0x0000000000000420      0xd08
 *(.dynsym)
 .dynsym        0x0000000000000420      0xd08 /usr/lib/gcc/x86_64-linux-gnu/13/../../../x86_64-linux-gnu/Scrt1.o

.dynstr         0x0000000000001128      0x56f
 *(.dynstr)
 .dynstr        0x0000000000001128      0x56f /usr/lib/gcc/x86_64-linux-gnu/13/../../../x86_64-linux-gnu/Scrt1.o

.gnu.version    0x0000000000001698      0x116
 *(.gnu.version)
 .gnu.version   0x0000000000001698      0x116 /usr/lib/gcc/x86_64-linux-gnu/13/../../../x86_64-linux-gnu/Scrt1.o

.gnu.version_d  0x00000000000017b0        0x0
 *(.gnu.version_d)
 .gnu.version_d
                0x00000000000017b0        0x0 /usr/lib/gcc/x86_64-linux-gnu/13/../../../x86_64-linux-gnu/Scrt1.o

.gnu.version_r  0x00000000000017b0       0xe0
 *(.gnu.version_r)
 .gnu.version_r
                0x00000000000017b0       0xe0 /usr/lib/gcc/x86_64-linux-gnu/13/../../../x86_64-linux-gnu/Scrt1.o

.rela.dyn       0x0000000000001890     0x22e0
 *(.rela.init)
 *(.rela.text .rela.text.* .rela.gnu.linkonce.t.*)
 .rela.text     0x0000000000001890        0x0 /usr/lib/gcc/x86_64-linux-gnu/13/../../../x86_64-linux-gnu/Scrt1.o
 .rela.text.startup
                0x0000000000001890        0x0 /usr/lib/gcc/x86_64-linux-gnu/13/../../../x86_64-linux-gnu/Scrt1.o
 *(.rela.fini)
 *(.rela.rodata .rela.rodata.* .rela.gnu.linkonce.r.*)
 *(.rela.data .rela.data.* .rela.gnu.linkonce.d.*)
 .rela.data.rel.ro
                0x0000000000001890        0x0 /usr/lib/gcc/x86_64-linux-gnu/13/../../../x86_64-linux-gnu/Scrt1.o
 .rela.data.rel.local
                0x0000000000001890       0x30 /usr/lib/gcc/x86_64-linux-gnu/13/../../../x86_64-linux-gnu/Scrt1.o
 .rela.data.rel.ro.local
                0x00000000000018c0     0x2148 /usr/lib/gcc/x86_64-linux-gnu/13/../../../x86_64-linux-gnu/Scrt1.o
 *(.rela.tdata .rela.tdata.* .rela.gnu.linkonce.td.*)
 *(.rela.tbss .rela.tbss.* .rela.gnu.linkonce.tb.*)
 *(.rela.ctors)
 *(.rela.dtors)
 *(.rela.got)
 .rela.got      0x0000000000003a08       0xd8 /usr/lib/gcc/x86_64-linux-gnu/13/../../../x86_64-linux-gnu/Scrt1.o
 *(.rela.bss .rela.bss.* .rela.gnu.linkonce.b.*)
 .rela.bss      0x0000000000003ae0       0x48 /usr/lib/gcc/x86_64-linux-gnu/13/../../../x86_64-linux-gnu/Scrt1.o
 *(.rela.ldata .rela.ldata.* .rela.gnu.linkonce.l.*)
 *(.rela.lbss .rela.lbss.* .rela.gnu.linkonce.lb.*)
 *(.rela.lrodata .rela.lrodata.* .rela.gnu.linkonce.lr.*)
 *(.rela.ifunc)
 .rela.ifunc    0x0000000000003b28        0x0 /usr/lib/gcc/x86_64-linux-gnu/13/../../../x86_64-linux-gnu/Scrt1.o
 .rela.fini_array
                0x0000000000003b28       0x18 /usr/lib/gcc/x86_64-linux-gnu/13/../../../x86_64-linux-gnu/Scrt1.o
 .rela.init_array
                0x0000000000003b40       0x30 /usr/lib/gcc/x86_64-linux-gnu/13/../../../x86_64-linux-gnu/Scrt1.o

.rela.plt       0x0000000000003b70      0xc18
 *(.rela.plt)
 .rela.plt      0x0000000000003b70      0xc18 /usr/lib/gcc/x86_64-linux-gnu/13/../../../x86_64-linux-gnu/Scrt1.o
 *(.rela.iplt)

.relr.dyn
 *(.relr.dyn)
                0x0000000000005000                . = ALIGN (CONSTANT (MAXPAGESIZE))

.init           0x0000000000005000       0x1b
 *(SORT_NONE(.init))
 .init          0x0000000000005000       0x16 /usr/lib/gcc/x86_64-linux-gnu/13/../../../x86_64-linux-gnu/crti.o
                0x0000000000005000                _init
 .init          0x0000000000005016        0x5 /usr/lib/gcc/x86_64-linux-gnu/13/../../../x86_64-linux-gnu/crtn.o

.plt            0x0000000000005020      0x820
 *(.plt)
 .plt           0x0000000000005020      0x820 /usr/lib/gcc/x86_64-linux-gnu/13/../../../x86_64-linux-gnu/Scrt1.o
 *(.iplt)

.plt.got        0x0000000000005840       0x20
 *(.plt.got)
 .plt.got       0x0000000000005840       0x20 /usr/lib/gcc/x86_64-linux-gnu/13/../../../x86_64-linux-gnu/Scrt1.o
                0x0000000000005840                fmod@@GLIBC_2.38
                0x0000000000005850                __cxa_finalize@@GLIBC_2.2.5

.plt.sec        0x0000000000005860      0x810
 *(.plt.sec)
 .plt.sec       0x0000000000005860      0x810 /usr/lib/gcc/x86_64-linux-gnu/13/../../../x86_64-linux-gnu/Scrt1.o
                0x0000000000005860                mallinfo2@@GLIBC_2.33
                0x0000000000005870                __ctype_toupper_loc@@GLIBC_2.3
                0x0000000000005880                getenv@@GLIBC_2.2.5
                0x0000000000005890                __snprintf_chk@@GLIBC_2.3.4
                0x00000000000058a0                free@@GLIBC_2.2.5
                0x00000000000058b0                log2@@GLIBC_2.29
                0x00000000000058c0                abort@@GLIBC_2.2.5
                0x00000000000058d0                __errno_location@@GLIBC_2.2.5
                0x00000000000058e0                unlink@@GLIBC_2.2.5
                0x00000000000058f0                round@@GLIBC_2.2.5
                0x0000000000005900                strncpy@@GLIBC_2.2.5
                0x0000000000005910                remove@@GLIBC_2.2.5
                0x0000000000005920                strncmp@@GLIBC_2.2.5
                0x0000000000005930                _exit@@GLIBC_2.2.5
                0x0000000000005940                pthread_cond_broadcast@@GLIBC_2.3.2
                0x0000000000005950                mkdir@@GLIBC_2.2.5
                0x0000000000005960                puts@@GLIBC_2.2.5
                0x0000000000005970                qsort@@GLIBC_2.2.5
                0x0000000000005980                fread@@GLIBC_2.2.5
                0x0000000000005990                strtod@@GLIBC_2.2.5
                0x00000000000059a0                readlink@@GLIBC_2.2.5
                0x00000000000059b0                fcntl@@GLIBC_2.2.5
                0x00000000000059c0                clock_gettime@@GLIBC_2.17
                0x00000000000059d0                write@@GLIBC_2.2.5
                0x00000000000059e0                getpid@@GLIBC_2.2.5
                0x00000000000059f0                pthread_cond_wait@@GLIBC_2.3.2
                0x0000000000005a00                atan@@GLIBC_2.2.5
                0x0000000000005a10                pow@@GLIBC_2.29
                0x0000000000005a20                fclose@@GLIBC_2.2.5
                0x0000000000005a30                opendir@@GLIBC_2.2.5
                0x0000000000005a40                regfree@@GLIBC_2.2.5
                0x0000000000005a50                strlen@@GLIBC_2.2.5
                0x0000000000005a60                chdir@@GLIBC_2.2.5
                0x0000000000005a70                __stack_chk_fail@@GLIBC_2.4
                0x0000000000005a80                mmap@@GLIBC_2.2.5
                0x0000000000005a90                dup2@@GLIBC_2.2.5
                0x0000000000005aa0                strchr@@GLIBC_2.2.5
                0x0000000000005ab0                pthread_mutex_destroy@@GLIBC_2.2.5
                0x0000000000005ac0                snprintf@@GLIBC_2.2.5
                0x0000000000005ad0                strrchr@@GLIBC_2.2.5
                0x0000000000005ae0                dup@@GLIBC_2.2.5
                0x0000000000005af0                fputs@@GLIBC_2.2.5
                0x0000000000005b00                memset@@GLIBC_2.2.5
                0x0000000000005b10                pthread_condattr_destroy@@GLIBC_2.2.5
                0x0000000000005b20                getcwd@@GLIBC_2.2.5
                0x0000000000005b30                fgetc@@GLIBC_2.2.5
                0x0000000000005b40                close@@GLIBC_2.2.5
                0x0000000000005b50                __realpath_chk@@GLIBC_2.4
                0x0000000000005b60                pipe@@GLIBC_2.2.5
                0x0000000000005b70                log@@GLIBC_2.29
                0x0000000000005b80                closedir@@GLIBC_2.2.5
                0x0000000000005b90                cos@@GLIBC_2.2.5
                0x0000000000005ba0                regcomp@@GLIBC_2.2.5
                0x0000000000005bb0                fputc@@GLIBC_2.2.5
                0x0000000000005bc0                strtok_r@@GLIBC_2.2.5
                0x0000000000005bd0                acos@@GLIBC_2.2.5
                0x0000000000005be0                read@@GLIBC_2.2.5
                0x0000000000005bf0                memcmp@@GLIBC_2.2.5
                0x0000000000005c00                pthread_cond_signal@@GLIBC_2.3.2
                0x0000000000005c10                pthread_condattr_setclock@@GLIBC_2.34
                0x0000000000005c20                calloc@@GLIBC_2.2.5
                0x0000000000005c30                strcmp@@GLIBC_2.2.5
                0x0000000000005c40                putc@@GLIBC_2.2.5
                0x0000000000005c50                signal@@GLIBC_2.2.5
                0x0000000000005c60                __memcpy_chk@@GLIBC_2.3.4
                0x0000000000005c70                ftell@@GLIBC_2.2.5
                0x0000000000005c80                stat@@GLIBC_2.33
                0x0000000000005c90                strtol@@GLIBC_2.2.5
                0x0000000000005ca0                realpath@@GLIBC_2.3
                0x0000000000005cb0                memcpy@@GLIBC_2.14
                0x0000000000005cc0                kill@@GLIBC_2.2.5
                0x0000000000005cd0                fileno@@GLIBC_2.2.5
                0x0000000000005ce0                pthread_cond_init@@GLIBC_2.3.2
                0x0000000000005cf0                readdir@@GLIBC_2.2.5
                0x0000000000005d00                pthread_mutex_unlock@@GLIBC_2.2.5
                0x0000000000005d10                malloc@@GLIBC_2.2.5
                0x0000000000005d20                fflush@@GLIBC_2.2.5
                0x0000000000005d30                tan@@GLIBC_2.2.5
                0x0000000000005d40                regexec@@GLIBC_2.3.4
                0x0000000000005d50                atan2@@GLIBC_2.2.5
                0x0000000000005d60                lrand48@@GLIBC_2.2.5
                0x0000000000005d70                mkstemp@@GLIBC_2.2.5
                0x0000000000005d80                fseek@@GLIBC_2.2.5
                0x0000000000005d90                __vsnprintf_chk@@GLIBC_2.3.4
                0x0000000000005da0                realloc@@GLIBC_2.2.5
                0x0000000000005db0                srand48@@GLIBC_2.2.5
                0x0000000000005dc0                fdopen@@GLIBC_2.2.5
                0x0000000000005dd0                munmap@@GLIBC_2.2.5
                0x0000000000005de0                __printf_chk@@GLIBC_2.3.4
                0x0000000000005df0                pthread_condattr_init@@GLIBC_2.2.5
                0x0000000000005e00                setvbuf@@GLIBC_2.2.5
                0x0000000000005e10                poll@@GLIBC_2.2.5
                0x0000000000005e20                pthread_create@@GLIBC_2.34
                0x0000000000005e30                memmove@@GLIBC_2.2.5
                0x0000000000005e40                pthread_cond_timedwait@@GLIBC_2.3.2
                0x0000000000005e50                waitpid@@GLIBC_2.2.5
                0x0000000000005e60                tcgetattr@@GLIBC_2.2.5
                0x0000000000005e70                tcsetattr@@GLIBC_2.2.5
                0x0000000000005e80                pthread_cond_destroy@@GLIBC_2.3.2
                0x0000000000005e90                mprotect@@GLIBC_2.2.5
                0x0000000000005ea0                open@@GLIBC_2.2.5
                0x0000000000005eb0                access@@GLIBC_2.2.5
                0x0000000000005ec0                fopen@@GLIBC_2.2.5
                0x0000000000005ed0                sysconf@@GLIBC_2.2.5
                0x0000000000005ee0                rename@@GLIBC_2.2.5
                0x0000000000005ef0                sin@@GLIBC_2.2.5
                0x0000000000005f00                execvp@@GLIBC_2.2.5
                0x0000000000005f10                __cxa_atexit@@GLIBC_2.2.5
                0x0000000000005f20                getline@@GLIBC_2.2.5
                0x0000000000005f30                asin@@GLIBC_2.2.5
                0x0000000000005f40                __memset_chk@@GLIBC_2.3.4
                0x0000000000005f50                exit@@GLIBC_2.2.5
                0x0000000000005f60                fwrite@@GLIBC_2.2.5
                0x0000000000005f70                __fprintf_chk@@GLIBC_2.3.4
                0x0000000000005f80                sqrt@@GLIBC_2.2.5
                0x0000000000005f90                pthread_join@@GLIBC_2.34
                0x0000000000005fa0                strdup@@GLIBC_2.2.5
                0x0000000000005fb0                strerror@@GLIBC_2.2.5
                0x0000000000005fc0                pthread_mutex_init@@GLIBC_2.2.5
                0x0000000000005fd0                fstat@@GLIBC_2.33
                0x0000000000005fe0                pthread_once@@GLIBC_2.34
                0x0000000000005ff0                fork@@GLIBC_2.2.5
                0x0000000000006000                strstr@@GLIBC_2.2.5
                0x0000000000006010                pthread_mutex_lock@@GLIBC_2.2.5
                0x0000000000006020                exp@@GLIBC_2.29
                0x0000000000006030                __ctype_tolower_loc@@GLIBC_2.3
                0x0000000000006040                __ctype_b_loc@@GLIBC_2.3
                0x0000000000006050                drand48@@GLIBC_2.2.5
                0x0000000000006060                usleep@@GLIBC_2.2.5

.text           0x0000000000006080   0x1719a2
 *(.text.unlikely .text.*_unlikely .text.unlikely.*)
 .text.unlikely
                0x0000000000006080      0x325 /tmp/cc3ig9el.o
 .text.unlikely
                0x00000000000063a5        0x5 /tmp/ems-close-20260911/gc-diagnostic-build/baseline.o
 *fill*         0x00000000000063aa        0x6 
 .text.unlikely
                0x00000000000063b0        0x9 /home/jon/src/wt/ouro-gap-20260911/aot/build/libeigsrt.a(vm.o)
 *(.text.exit .text.exit.*)
 *(.text.startup .text.startup.*)
 *fill*         0x00000000000063b9        0x7 
 .text.startup  0x00000000000063c0     0x42bc /tmp/cc3ig9el.o
                0x00000000000063c0                main
 *fill*         0x000000000000a67c        0x4 
 .text.startup  0x000000000000a680       0x10 /home/jon/src/wt/ouro-gap-20260911/aot/build/libeigsrt.a(jit.o)
 *(.text.hot .text.hot.*)
 *(SORT_BY_NAME(.text.sorted.*))
 *(.text .stub .text.* .gnu.linkonce.t.*)
 .text          0x000000000000a690       0x26 /usr/lib/gcc/x86_64-linux-gnu/13/../../../x86_64-linux-gnu/Scrt1.o
                0x000000000000a690                _start
 .text          0x000000000000a6b6        0x0 /usr/lib/gcc/x86_64-linux-gnu/13/../../../x86_64-linux-gnu/crti.o
 *fill*         0x000000000000a6b6        0xa 
 .text          0x000000000000a6c0       0xb9 /usr/lib/gcc/x86_64-linux-gnu/13/crtbeginS.o
 *fill*         0x000000000000a779        0x7 
 .text          0x000000000000a780    0xacd35 /tmp/cc3ig9el.o
 *fill*         0x00000000000b74b5        0xb 
 .text          0x00000000000b74c0    0x17201 /tmp/ems-close-20260911/gc-diagnostic-build/baseline.o
                0x00000000000bb100                gc_probe_snapshot
                0x00000000000bb140                eigs_record_first_error_code_at
                0x00000000000bb240                eigs_record_first_error_at
                0x00000000000bb340                eigs_record_first_error
                0x00000000000bb400                err_kind_name
                0x00000000000bb5c0                tok_type_name
                0x00000000000bbf40                eigs_interrogative_word
                0x00000000000bbf80                val_type_name
                0x00000000000bc100                observer_settledness
                0x00000000000bc180                compute_entropy
                0x00000000000bc5c0                observer_slot_record_value
                0x00000000000bc740                observer_slot_update
                0x00000000000bc8c0                observer_slot_update_num
                0x00000000000bca80                observer_slot_reset
                0x00000000000bcb80                observer_slot_converged
                0x00000000000bd080                observer_slot_equilibrium
                0x00000000000bd4c0                observer_slot_improving
                0x00000000000bd700                observer_slot_diverging
                0x00000000000bd980                observer_slot_oscillating
                0x00000000000bdd80                observer_slot_stable
                0x00000000000be340                eigs_predicate_name
                0x00000000000be380                observer_slot_report_entropy
                0x00000000000be480                observer_slot_report
                0x00000000000beac0                observer_slot_report_value
                0x00000000000bf040                observer_entropy_of_num
                0x00000000000bf140                eigs_thread_drain_caches
                0x00000000000bf400                env_intern_table_new
                0x00000000000bf440                env_intern_table_ref
                0x00000000000bf480                env_intern_table_unref
                0x00000000000bf540                make_num
                0x00000000000bf680                recycle_intermediate
                0x00000000000bf700                make_num_permanent
                0x00000000000bf800                slot_to_value
                0x00000000000bf940                promote_if_arena
                0x00000000000bfdc0                make_str
                0x00000000000bfe80                make_str_owned
                0x00000000000bff00                make_null
                0x00000000000bff40                make_list
                0x00000000000c0040                make_list_heap
                0x00000000000c00c0                make_text_builder
                0x00000000000c0140                make_builtin
                0x00000000000c0180                eigs_native_fn_name
                0x00000000000c0200                make_native_fn
                0x00000000000c0300                make_dict
                0x00000000000c0440                dict_get_hashed
                0x00000000000c05c0                dict_get
                0x00000000000c0780                observer_slot_from_trajectory
                0x00000000000c0f40                env_hash_find_dict
                0x00000000000c1080                dict_has
                0x00000000000c1240                list_append
                0x00000000000c1440                is_truthy
                0x00000000000c1580                values_equal
                0x00000000000c1800                eigs_num_text
                0x00000000000c1900                value_to_string
                0x00000000000c1e80                env_hash_name
                0x00000000000c1f00                env_name_hash
                0x00000000000c1f80                env_hash_insert
                0x00000000000c2000                env_global_shared_lock
                0x00000000000c2040                env_global_shared_unlock
                0x00000000000c2080                env_dump_lock
                0x00000000000c20c0                env_dump_unlock
                0x00000000000c2100                env_intern_debug_count
                0x00000000000c22c0                env_intern_scope_begin
                0x00000000000c2300                env_intern_scope_promote
                0x00000000000c2340                env_intern_scope_retain
                0x00000000000c2400                env_intern_scope_end
                0x00000000000c2500                env_intern_release_value
                0x00000000000c2600                env_intern_release_all_values
                0x00000000000c26c0                env_intern_name
                0x00000000000c2840                make_fn
                0x00000000000c2980                env_new
                0x00000000000c2b00                env_incref
                0x00000000000c2b80                env_resolve_chain
                0x00000000000c2ec0                env_get_hashed_slot
                0x00000000000c31c0                env_get_assign_count
                0x00000000000c33c0                gc_collect_cycles
                0x00000000000c3580                env_mark_captured
                0x00000000000c3740                gc_note_possible_root
                0x00000000000c3c80                free_value
                0x00000000000c3cc0                env_decref
                0x00000000000c41c0                list_append_owned
                0x00000000000c4440                env_destroy_final
                0x00000000000c4800                eigs_clear_error_value
                0x00000000000c48c0                rt_error
                0x00000000000c4d00                observer_entropy_now
                0x00000000000c51c0                dict_remove
                0x00000000000c54c0                slot_from_value
                0x00000000000c56c0                env_store_slot
                0x00000000000c5ac0                env_set_local_pre_interned_slot
                0x00000000000c5f00                env_set_local_hashed_slot
                0x00000000000c5fc0                env_set_hashed_slot
                0x00000000000c6380                env_bind_fresh_param_slot
                0x00000000000c6a00                dict_set_hashed
                0x00000000000c6a40                dict_set
                0x00000000000c6b00                dict_set_owned
                0x00000000000c7a00                val_clone_for_send
                0x00000000000c7ec0                observer_slot_trajectory
                0x00000000000cb480                env_set_local_hashed
                0x00000000000cbec0                env_set_local
                0x00000000000cbf40                env_set_hashed
                0x00000000000cc540                env_set
                0x00000000000cc5c0                env_set_local_owned
                0x00000000000cc680                eigs_module_cache_get
                0x00000000000cc780                eigs_module_cache_put
                0x00000000000cc940                eigs_module_cache_clear
                0x00000000000ccac0                eigs_loading_active
                0x00000000000ccbc0                eigs_loading_enter
                0x00000000000cccc0                eigs_loading_leave
                0x00000000000ccdc0                gc_collect_at_exit
                0x00000000000cd3c0                env_reserve_slots
                0x00000000000cd840                env_clear
                0x00000000000cda00                env_get_hashed
                0x00000000000cde40                env_get_local_hashed
                0x00000000000ce300                eigs_obs_enable_runtime
                0x00000000000ce380                eigs_obs_enable
                0x00000000000ce400                env_get
                0x00000000000ce480                handle_register
                0x00000000000ce580                handle_lookup
                0x00000000000ce640                handle_release
 *fill*         0x00000000000ce6c1       0x3f 
 .text          0x00000000000ce700     0x7ddf /home/jon/src/wt/ouro-gap-20260911/aot/build/libeigsrt.a(parser.o)
                0x00000000000cf5c0                parser_set_caret_source
                0x00000000000cf600                eigs_print_caret_src
                0x00000000000d3040                make_node_col
                0x00000000000d3080                make_node
                0x00000000000d30c0                free_ast
                0x00000000000d61c0                parse
 *fill*         0x00000000000d64df       0x21 
 .text          0x00000000000d6500    0x18c1b /home/jon/src/wt/ouro-gap-20260911/aot/build/libeigsrt.a(builtins.o)
                0x00000000000d6600                builtin_flush
                0x00000000000d6640                builtin_exit
                0x00000000000d6700                builtin_clear_math_flags
                0x00000000000d6740                builtin_print
                0x00000000000d6780                builtin_screen_put
                0x00000000000d6880                builtin_screen_clear
                0x00000000000d68c0                builtin_screen_end
                0x00000000000d6900                builtin_write
                0x00000000000d6940                builtin_sandbox_blocked
                0x00000000000d6980                builtin_inflate
                0x00000000000d69c0                builtin_zlib_inflate
                0x00000000000d6a00                builtin_deflate
                0x00000000000d6a40                builtin_zlib_deflate
                0x00000000000d6a80                builtin_str
                0x00000000000d6b00                builtin_text_builder_new
                0x00000000000d6b40                builtin_pi
                0x00000000000d6b80                builtin_arena_stats
                0x00000000000d6c00                builtin_f64_from_bytes
                0x00000000000d7000                builtin_monotonic_ns
                0x00000000000d70c0                builtin_monotonic_ms
                0x00000000000d7180                builtin_clock_unix
                0x00000000000d7240                builtin_len
                0x00000000000d7380                builtin_get_observer_thresholds
                0x00000000000d7440                builtin_observe
                0x00000000000d74c0                builtin_scan_ints
                0x00000000000d77c0                builtin_scan_tokens
                0x00000000000d7ac0                builtin_args
                0x00000000000d7bc0                builtin_f64_to_bytes
                0x00000000000d7c80                builtin_hex
                0x00000000000d7e40                builtin_classify
                0x00000000000d8080                builtin_math_flags
                0x00000000000d8140                builtin_type
                0x00000000000d8300                builtin_split
                0x00000000000d8540                builtin_env_get
                0x00000000000d8700                builtin_arena_mark
                0x00000000000d8740                builtin_arena_reset
                0x00000000000d8780                builtin_heap_inuse
                0x00000000000d8840                builtin_buffer
                0x00000000000d8a40                builtin_str_from_bytes
                0x00000000000d8c40                builtin_buf_deinterleave
                0x00000000000d9040                builtin_channel
                0x00000000000d9140                builtin_task_try_recv
                0x00000000000d91c0                builtin_task_now
                0x00000000000d9200                builtin_task_self
                0x00000000000d9240                builtin_nearest_in_range
                0x00000000000d9880                builtin_nearest_in_range_all
                0x00000000000da140                builtin_sort
                0x00000000000da280                builtin_text_builder_clear
                0x00000000000da300                builtin_report
                0x00000000000da340                builtin_token_name
                0x00000000000da3c0                builtin_chr
                0x00000000000da500                builtin_ord
                0x00000000000da5c0                builtin_values
                0x00000000000da640                builtin_keys
                0x00000000000da6c0                builtin_record_history
                0x00000000000da780                builtin_task_alive
                0x00000000000da840                builtin_recv_timeout
                0x00000000000dac00                builtin_scan_int_tokens
                0x00000000000db240                builtin_random_int
                0x00000000000db540                builtin_list_contains
                0x00000000000db640                builtin_list_index_of
                0x00000000000db740                builtin_task_sched_seed
                0x00000000000db7c0                builtin_task_detach
                0x00000000000db840                builtin_dispatch
                0x00000000000dbb00                builtin_num_copy
                0x00000000000dbb40                builtin_reshape
                0x00000000000dbcc0                builtin_state_at
                0x00000000000dbd40                builtin_path_ext
                0x00000000000dbe00                builtin_path_base
                0x00000000000dbec0                builtin_path_dir
                0x00000000000dc000                builtin_seed_random
                0x00000000000dc0c0                builtin_round
                0x00000000000dc180                builtin_ceil
                0x00000000000dc240                builtin_floor
                0x00000000000dc300                builtin_atan2
                0x00000000000dc400                builtin_atan
                0x00000000000dc4c0                builtin_acos
                0x00000000000dc640                builtin_asin
                0x00000000000dc7c0                builtin_tan
                0x00000000000dc880                builtin_cos
                0x00000000000dc940                builtin_sin
                0x00000000000dca00                builtin_str_upper
                0x00000000000dcb00                builtin_index_of
                0x00000000000dcc00                builtin_str_replace
                0x00000000000dcf40                builtin_contains
                0x00000000000dd040                builtin_str_lower
                0x00000000000dd140                builtin_starts_with
                0x00000000000dd280                builtin_dict_remove
                0x00000000000dd300                builtin_dict_set
                0x00000000000dd380                builtin_has_key
                0x00000000000dd480                builtin_assert
                0x00000000000dd540                builtin_fill
                0x00000000000dd680                builtin_concat
                0x00000000000dd7c0                builtin_list_slice
                0x00000000000dd980                builtin_append
                0x00000000000dda40                builtin_num
                0x00000000000ddc00                builtin_buf_set
                0x00000000000ddd40                builtin_text_builder_to_string
                0x00000000000dde40                builtin_sign_extend
                0x00000000000ddf80                builtin_buf_len
                0x00000000000de040                builtin_buf_get
                0x00000000000de140                builtin_secure_equals
                0x00000000000de380                builtin_min
                0x00000000000de500                builtin_abs
                0x00000000000de5c0                builtin_ends_with
                0x00000000000de700                builtin_bit_not
                0x00000000000de780                builtin_text_builder_part_count
                0x00000000000de840                builtin_text_builder_append_line
                0x00000000000de900                builtin_join
                0x00000000000dec40                builtin_path_join
                0x00000000000dee40                builtin_substr
                0x00000000000df040                builtin_trim
                0x00000000000df1c0                builtin_char_at
                0x00000000000df340                builtin_json_raw
                0x00000000000df380                builtin_set_observer_thresholds
                0x00000000000df4c0                builtin_screen_render
                0x00000000000df940                builtin_usleep
                0x00000000000df980                builtin_coalesce
                0x00000000000dfa40                builtin_bit_shift_left
                0x00000000000dfb00                builtin_task_yield
                0x00000000000dfbc0                builtin_task_recv
                0x00000000000dfcc0                builtin_task_kill
                0x00000000000dfd80                builtin_task_sleep
                0x00000000000dfe80                builtin_random
                0x00000000000dff80                builtin_max
                0x00000000000e0100                builtin_bit_and
                0x00000000000e01c0                builtin_bit_or
                0x00000000000e0280                builtin_bit_xor
                0x00000000000e0340                builtin_bit_shift_right
                0x00000000000e0400                builtin_channel_closed
                0x00000000000e04c0                builtin_close_channel
                0x00000000000e05c0                builtin_text_builder_extend
                0x00000000000e0700                builtin_try_recv
                0x00000000000e0840                builtin_recv
                0x00000000000e09c0                builtin_throw
                0x00000000000e0b80                builtin_tokenize_ids
                0x00000000000e0cc0                builtin_text_builder_append
                0x00000000000e0d80                builtin_tokenize_with_names
                0x00000000000e1000                builtin_range
                0x00000000000e1440                builtin_must_not_yield
                0x00000000000e1580                builtin_free_val
                0x00000000000e1640                builtin_list_truncate
                0x00000000000e18c0                builtin_try_parse
                0x00000000000e1b40                builtin_task_join
                0x00000000000e1dc0                builtin_buf_from_list
                0x00000000000e1fc0                builtin_eval
                0x00000000000e2540                builtin_thread_join
                0x00000000000e27c0                builtin_send
                0x00000000000e2a00                builtin_buf_resample_linear
                0x00000000000e3640                builtin_list_remove_at
                0x00000000000e37c0                builtin_buf_peak
                0x00000000000e3a40                builtin_buf_fill
                0x00000000000e3d40                builtin_buf_scale_range
                0x00000000000e49c0                builtin_spawn
                0x00000000000e5140                builtin_buf_mix
                0x00000000000e5540                builtin_task_send
                0x00000000000e60c0                builtin_vm_run_bytecode
                0x00000000000e6200                builtin_sandbox_run
                0x00000000000e7280                builtin_get_at
                0x00000000000e7500                builtin_buf_from_pcm16le
                0x00000000000e7940                builtin_buf_copy
                0x00000000000e7bc0                builtin_buf_to_pcm16le
                0x00000000000e81c0                builtin_buf_dot
                0x00000000000e8580                builtin_sort_by
                0x00000000000e89c0                builtin_copy_into
                0x00000000000e8f40                builtin_list_insert_at
                0x00000000000e91c0                builtin_set_at
                0x00000000000e97c0                eigs_is_registered_builtin
                0x00000000000e98c0                eigs_json_decode_string_body
                0x00000000000e9fc0                eigs_json_parse_value
                0x00000000000ea9c0                eigs_json_parse_root
                0x00000000000eaa00                builtin_json_decode
                0x00000000000eac40                eigs_json_escape_string
                0x00000000000eb340                builtin_json_build
                0x00000000000ec000                builtin_json_encode
                0x00000000000ec0c0                eigs_json_encode
                0x00000000000ec740                builtin_json_path
                0x00000000000ec800                eigs_ensure_random_seeded
                0x00000000000ec880                eigenscript_set_args
                0x00000000000ec8c0                eigs_current_file_dir
                0x00000000000ec940                resolve_eigenscript_file
                0x00000000000eca00                replay_blocks
                0x00000000000eca80                free_tokenlist
                0x00000000000ecb40                task_free
                0x00000000000ed140                builtin_task_spawn
                0x00000000000ed500                handle_table_drain
                0x00000000000ed980                register_builtins
 *fill*         0x00000000000ef11b       0x25 
 .text          0x00000000000ef140     0x747d /home/jon/src/wt/ouro-gap-20260911/aot/build/libeigsrt.a(builtins_host.o)
                0x00000000000ef140                builtin_raw_key
                0x00000000000ef300                builtin_write_bytes
                0x00000000000ef600                builtin_mkdir
                0x00000000000ef900                builtin_file_exists
                0x00000000000efb00                builtin_is_dir
                0x00000000000efd00                builtin_is_file
                0x00000000000eff00                builtin_ls
                0x00000000000f0100                builtin_exe_path
                0x00000000000f0240                builtin_read_bytes
                0x00000000000f0500                builtin_read_text
                0x00000000000f07c0                builtin_random_hex
                0x00000000000f0a40                builtin_read_line
                0x00000000000f0c00                builtin_proc_read
                0x00000000000f0d00                builtin_proc_read_buf
                0x00000000000f0f00                builtin_stream_close
                0x00000000000f0f80                builtin_stream_write
                0x00000000000f1100                builtin_getcwd
                0x00000000000f1200                builtin_mktemp
                0x00000000000f12c0                builtin_proc_write
                0x00000000000f1440                builtin_proc_read_line
                0x00000000000f1640                builtin_proc_wait
                0x00000000000f1800                builtin_proc_close
                0x00000000000f1880                builtin_remove_file
                0x00000000000f1940                builtin_rename
                0x00000000000f1a40                builtin_rm
                0x00000000000f1b00                builtin_chdir
                0x00000000000f1bc0                builtin_write_text
                0x00000000000f1d00                builtin_stream_open
                0x00000000000f1f00                builtin_regex_replace
                0x00000000000f2140                builtin_match_all
                0x00000000000f2340                builtin_match
                0x00000000000f2700                builtin_read_bytes_buf
                0x00000000000f2c40                builtin_proc_spawn
                0x00000000000f2f80                builtin_exec_capture
                0x00000000000f3640                read_file_util
                0x00000000000f37c0                builtin_build_corpus
                0x00000000000f5400                eigs_file_directory
                0x00000000000f5a00                builtin_load_file
                0x00000000000f5a80                eigs_file_resolve_error
                0x00000000000f5b40                resolve_eigenscript_file_from_ex
                0x00000000000f6100                resolve_eigenscript_file_from
                0x00000000000f6140                register_host_builtins
 *fill*         0x00000000000f65bd        0x3 
 .text          0x00000000000f65c0     0x964a /home/jon/src/wt/ouro-gap-20260911/aot/build/libeigsrt.a(builtins_tensor.o)
                0x00000000000f7ec0                ne_softmax_buf
                0x00000000000f8180                ne_matmul_buf
                0x00000000000f8680                builtin_tensor_add
                0x00000000000f88c0                builtin_tensor_subtract
                0x00000000000f8980                builtin_tensor_multiply
                0x00000000000f8a40                builtin_tensor_divide
                0x00000000000f8b00                builtin_tensor_pow
                0x00000000000f8bc0                builtin_tensor_sqrt
                0x00000000000f9300                builtin_tensor_exp
                0x00000000000f9a40                builtin_tensor_log
                0x00000000000f9fc0                builtin_tensor_negative
                0x00000000000fa540                builtin_tensor_matmul
                0x00000000000fab80                builtin_tensor_softmax
                0x00000000000fad80                builtin_tensor_log_softmax
                0x00000000000fb080                builtin_tensor_relu
                0x00000000000fb400                builtin_tensor_leaky_relu
                0x00000000000fb680                builtin_tensor_mean
                0x00000000000fb9c0                builtin_tensor_sum
                0x00000000000fbd00                builtin_tensor_norm
                0x00000000000fc200                builtin_tensor_zeros
                0x00000000000fc440                builtin_tensor_zeros_like
                0x00000000000fc500                builtin_tensor_gather
                0x00000000000fc6c0                call_eigs_fn
                0x00000000000fca40                builtin_random_normal
                0x00000000000fcdc0                builtin_tensor_shape
                0x00000000000fcf80                builtin_numerical_grad
                0x00000000000fdcc0                builtin_sgd_update
                0x00000000000fe080                builtin_numerical_grad_rows
                0x00000000000fe700                builtin_sgd_update_rows
                0x00000000000fe9c0                builtin_numerical_grad_cols
                0x00000000000ff280                builtin_sgd_update_cols
                0x00000000000ff5c0                builtin_tensor_save
                0x00000000000ff880                builtin_tensor_load
 *fill*         0x00000000000ffc0a       0x36 
 .text          0x00000000000ffc40     0x175f /home/jon/src/wt/ouro-gap-20260911/aot/build/libeigsrt.a(hash.o)
                0x0000000000100b00                builtin_hmac_sha256
                0x0000000000100b80                builtin_md5
                0x0000000000100ec0                builtin_md5_file
                0x0000000000101100                builtin_sha256_file
                0x0000000000101180                builtin_sha256
                0x0000000000101300                register_hash_builtins
 *fill*         0x000000000010139f       0x21 
 .text          0x00000000001013c0      0xb65 /home/jon/src/wt/ouro-gap-20260911/aot/build/libeigsrt.a(arena.o)
                0x0000000000101400                safe_size_mul
                0x0000000000101440                xmalloc
                0x0000000000101480                xcalloc
                0x0000000000101500                xrealloc
                0x0000000000101540                xstrdup
                0x0000000000101580                xfopen_write
                0x00000000001016c0                xmalloc_array
                0x0000000000101740                xcalloc_array
                0x00000000001017c0                xrealloc_array
                0x0000000000101840                arena_init
                0x0000000000101900                arena_alloc
                0x0000000000101ac0                arena_track_string
                0x0000000000101b80                arena_mark_pos
                0x0000000000101c00                arena_reset_to_mark
                0x0000000000101d00                arena_destroy
                0x0000000000101ec0                free_weight_val
 *fill*         0x0000000000101f25       0x1b 
 .text          0x0000000000101f40      0x573 /home/jon/src/wt/ouro-gap-20260911/aot/build/libeigsrt.a(state.o)
                0x0000000000101f40                eigs_state_new
                0x0000000000102000                eigs_state_destroy
                0x0000000000102100                eigs_process_thread_count
                0x0000000000102140                eigs_thread_attach
                0x0000000000102280                eigs_current_state
                0x00000000001022c0                eigs_thread_switch
                0x0000000000102380                eigs_thread_detach
 *fill*         0x00000000001024b3        0xd 
 .text          0x00000000001024c0      0x7e9 /home/jon/src/wt/ouro-gap-20260911/aot/build/libeigsrt.a(strbuf.o)
                0x00000000001024c0                strbuf_init
                0x0000000000102500                strbuf_reserve
                0x0000000000102600                strbuf_append_char
                0x0000000000102740                strbuf_append_n
                0x0000000000102880                strbuf_append
                0x00000000001029c0                strbuf_append_fmt
                0x0000000000102c00                strbuf_finish
                0x0000000000102c80                strbuf_free
 *fill*         0x0000000000102ca9       0x17 
 .text          0x0000000000102cc0     0x5135 /home/jon/src/wt/ouro-gap-20260911/aot/build/libeigsrt.a(ext_store.o)
                0x0000000000107cc0                register_store_builtins
 *fill*         0x0000000000107df5        0xb 
 .text          0x0000000000107e00     0x4b5a /home/jon/src/wt/ouro-gap-20260911/aot/build/libeigsrt.a(chunk.o)
                0x000000000010a0c0                srcbuf_new
                0x000000000010a140                srcbuf_incref
                0x000000000010a1c0                srcbuf_decref
                0x000000000010a280                chunk_new
                0x000000000010a400                chunk_incref
                0x000000000010a480                chunk_decref
                0x000000000010a500                chunk_free
                0x000000000010a580                chunk_emit
                0x000000000010a640                chunk_emit_u16
                0x000000000010a7c0                chunk_emit_u32
                0x000000000010aa40                chunk_emit_jump
                0x000000000010ac80                chunk_patch_jump
                0x000000000010ad00                chunk_add_constant
                0x000000000010ad40                chunk_add_constant_positional
                0x000000000010ad80                chunk_add_function
                0x000000000010ae00                op_name
                0x000000000010ae40                chunk_disassemble
                0x000000000010b280                chunk_verify
                0x000000000010b2c0                chunk_verify_self_check
                0x000000000010bd00                chunk_arm_temporal
                0x000000000010c040                chunk_scan_leaf_accessor
                0x000000000010c1c0                opcode_is_observer_reader
                0x000000000010c200                chunk_has_reader_opcode
                0x000000000010c340                chunk_reads_observer
                0x000000000010c480                chunk_scan_static_loads
 *fill*         0x000000000010c95a       0x26 
 .text          0x000000000010c980     0xe22b /home/jon/src/wt/ouro-gap-20260911/aot/build/libeigsrt.a(compiler.o)
                0x0000000000119c80                eigs_obs_unmute_for_fatal
                0x0000000000119d00                eigs_obs_memo_release
                0x0000000000119d80                compile_ast
 *fill*         0x000000000011abab       0x15 
 .text          0x000000000011abc0    0x4aa8f /home/jon/src/wt/ouro-gap-20260911/aot/build/libeigsrt.a(vm.o)
                0x000000000011d3c0                vm_obs_slot_dropped
                0x000000000011d400                eigs_sigusr1_handler
                0x000000000011d440                observer_predicate_at
                0x000000000011d7c0                callframe_release
                0x000000000011d840                vm_thread_destroy
                0x000000000011d8c0                sandbox_charge
                0x000000000011d980                jit_helper_get_name
                0x000000000011dd80                jit_helper_set_local
                0x000000000011e180                jit_helper_set_name
                0x000000000011e480                jit_helper_set_name_local
                0x000000000011e680                jit_helper_set_fn_name_local
                0x000000000011e880                jit_helper_local_idx_get
                0x000000000011eec0                jit_helper_local_dot_get
                0x000000000011f300                jit_helper_local_idx_dot_get
                0x000000000011f840                jit_helper_dot_set
                0x0000000000120280                jit_helper_dot_get
                0x0000000000120900                jit_helper_local_dot_set
                0x0000000000120f40                jit_helper_observe_assign
                0x0000000000120f80                jit_helper_observe_assign_local
                0x0000000000121080                jit_helper_report_slot
                0x0000000000121540                jit_helper_observe_name_post
                0x00000000001217c0                jit_helper_iter_next
                0x0000000000121bc0                vm_thread_reset_caches
                0x0000000000121c00                eigs_loop_stall_step
                0x0000000000121f80                eigs_loop_cap_step
                0x0000000000122140                jit_helper_loop_stall_check
                0x00000000001224c0                jit_helper_loop_cap_check
                0x0000000000122680                jit_helper_index_set
                0x0000000000123380                jit_helper_index_get
                0x0000000000124140                vm_borrow_compensate
                0x0000000000124240                jit_helper_call
                0x0000000000125740                jit_helper_return
                0x0000000000125bc0                jit_helper_return_null
                0x0000000000126000                eigs_jit_load_eigs_current
                0x0000000000126040                eigs_jit_get_layout
                0x0000000000126100                vm_current_line
                0x0000000000126180                vm_print_stack_trace
                0x0000000000163d00                task_sched_thread_free
                0x0000000000164180                task_any_unobserved_error
                0x0000000000164240                task_sched_set_seed
                0x0000000000164300                task_sched_on_spawn
                0x0000000000164400                task_request_yield
                0x0000000000164440                task_request_join
                0x0000000000164500                task_deliver
                0x0000000000164700                task_mbox_has
                0x00000000001647c0                task_mbox_pop
                0x0000000000164880                task_request_recv
                0x0000000000164900                task_request_sleep
                0x00000000001649c0                task_virtual_now
                0x0000000000164a00                task_current_id
                0x0000000000164a40                task_do_kill
                0x0000000000165040                task_do_detach
                0x0000000000165100                vm_execute_argc
                0x00000000001653c0                vm_execute
 *fill*         0x000000000016564f       0x31 
 .text          0x0000000000165680     0x6221 /home/jon/src/wt/ouro-gap-20260911/aot/build/libeigsrt.a(jit.o)
                0x0000000000167580                jit_module_shutdown
                0x0000000000167cc0                jit_cache_new
                0x0000000000167d80                jit_cache_free
                0x0000000000167e00                jit_cache_alloc
                0x0000000000167e80                jit_cache_seal
                0x000000000016b1c0                jit_cache_unseal
                0x000000000016b240                jit_cache_used
                0x000000000016b280                jit_emit_const_return
                0x000000000016b300                jit_register_chunk
                0x000000000016b400                jit_unregister_chunk
                0x000000000016b4c0                jit_module_init
                0x000000000016b500                jit_thread_destroy
                0x000000000016b540                jit_state_init_thresholds
                0x000000000016b600                jit_try_compile_chunk
                0x000000000016b740                jit_try_compile_chunk_osr
 *fill*         0x000000000016b8a1       0x1f 
 .text          0x000000000016b8c0     0x6cb3 /home/jon/src/wt/ouro-gap-20260911/aot/build/libeigsrt.a(trace.o)
                0x000000000016e900                trace_occ_window
                0x000000000016ea00                trace_arm_occurrences_all
                0x000000000016ea80                trace_arm_snapshot
                0x000000000016eb00                trace_arm_restore
                0x000000000016ec00                trace_arm_history_all_mt
                0x000000000016ec40                trace_arm_history_all
                0x000000000016ec80                trace_arm_history_name
                0x000000000016ee00                trace_arm_occurrences_name
                0x000000000016ef80                trace_history_disable
                0x000000000016efc0                trace_record_obs
                0x000000000016f100                trace_query_prev
                0x000000000016f280                trace_query_at
                0x000000000016f580                trace_query_when
                0x000000000016f8c0                trace_name_is_internal
                0x000000000016f940                trace_state_at
                0x000000000016fd00                trace_set_sink
                0x000000000016fe40                trace_init
                0x0000000000170080                trace_set_replay_mem
                0x0000000000170280                trace_replay_take
                0x00000000001705c0                trace_thread_release
                0x0000000000170bc0                trace_shutdown
                0x0000000000170d80                trace_line
                0x0000000000170e00                trace_assign
                0x00000000001714c0                trace_assign_tape_only
                0x0000000000171b80                trace_assign_filtered
                0x0000000000172240                trace_nondet_value
 *fill*         0x0000000000172573        0xd 
 .text          0x0000000000172580     0x1563 /home/jon/src/wt/ouro-gap-20260911/aot/build/libeigsrt.a(eigs_embed.o)
                0x0000000000172980                eigs_state_init_runtime
                0x0000000000172a40                eigs_open
                0x0000000000172b40                eigs_close
                0x0000000000172c00                eigs_set_eval_observer_isolated
                0x0000000000172c40                eigs_eval_string
                0x0000000000172c80                eigs_eval_file
                0x0000000000172d40                eigs_last_error_message
                0x0000000000172dc0                eigs_has_error
                0x0000000000172e00                eigs_last_error_kind
                0x0000000000172e80                eigs_last_error_line
                0x0000000000172f00                eigs_clear_error
                0x0000000000172f80                eigs_set_global
                0x0000000000173000                eigs_get_global
                0x00000000001730c0                eigs_value_new_num
                0x0000000000173100                eigs_value_new_string
                0x0000000000173140                eigs_value_new_null
                0x0000000000173180                eigs_value_new_list
                0x00000000001731c0                eigs_value_new_dict
                0x0000000000173200                eigs_value_retain
                0x0000000000173280                eigs_value_release
                0x0000000000173340                eigs_value_type
                0x0000000000173480                eigs_value_as_num
                0x00000000001734c0                eigs_value_as_string
                0x0000000000173500                eigs_value_list_len
                0x0000000000173540                eigs_value_list_get
                0x00000000001735c0                eigs_value_list_append
                0x0000000000173600                eigs_value_dict_get
                0x00000000001736c0                eigs_value_dict_set
                0x0000000000173700                eigs_value_new_buffer
                0x0000000000173780                eigs_value_buffer_len
                0x00000000001737c0                eigs_value_buffer_get
                0x0000000000173840                eigs_value_buffer_set
                0x0000000000173880                eigs_set_trace_sink
                0x00000000001738c0                eigs_set_replay_tape
                0x0000000000173900                eigs_replay_take
                0x0000000000173940                eigs_trace_record_nondet
                0x0000000000173980                eigs_set_abort_flag
                0x00000000001739c0                eigs_register_function
                0x0000000000173a80                eigs_set_source_provider
                0x0000000000173ac0                eigs_source_lookup
 *fill*         0x0000000000173ae3       0x1d 
 .text          0x0000000000173b00     0x3f10 /home/jon/src/wt/ouro-gap-20260911/aot/build/libeigsrt.a(lexer.o)
                0x0000000000176f40                tok_base_string_id_count
                0x0000000000176f80                tok_base_string
                0x0000000000177a00                tokenize
 .text          0x0000000000177a10       0x12 /usr/lib/x86_64-linux-gnu/libc_nonshared.a(atexit.oS)
                0x0000000000177a10                atexit
 .text          0x0000000000177a22        0x0 /usr/lib/gcc/x86_64-linux-gnu/13/crtendS.o
 .text          0x0000000000177a22        0x0 /usr/lib/gcc/x86_64-linux-gnu/13/../../../x86_64-linux-gnu/crtn.o
 *(.gnu.warning)

.fini           0x0000000000177a24        0xd
 *(SORT_NONE(.fini))
 .fini          0x0000000000177a24        0x8 /usr/lib/gcc/x86_64-linux-gnu/13/../../../x86_64-linux-gnu/crti.o
                0x0000000000177a24                _fini
 .fini          0x0000000000177a2c        0x5 /usr/lib/gcc/x86_64-linux-gnu/13/../../../x86_64-linux-gnu/crtn.o
                [!provide]                        PROVIDE (__etext = .)
                [!provide]                        PROVIDE (_etext = .)
                [!provide]                        PROVIDE (etext = .)
                0x0000000000178000                . = ALIGN (CONSTANT (MAXPAGESIZE))
                0x0000000000178000                . = SEGMENT_START ("rodata-segment", (ALIGN (CONSTANT (MAXPAGESIZE)) + (. & (CONSTANT (MAXPAGESIZE) - 0x1))))

.rodata         0x0000000000178000    0x10df0
 *(.rodata .rodata.* .gnu.linkonce.r.*)
 .rodata.cst4   0x0000000000178000       0x10 /usr/lib/gcc/x86_64-linux-gnu/13/../../../x86_64-linux-gnu/Scrt1.o
                                          0x4 (size before relaxing)
                0x0000000000178000                _IO_stdin_used
 .rodata.str1.1
                0x0000000000178010     0x54cf /tmp/cc3ig9el.o
                                       0x34f0 (size before relaxing)
 *fill*         0x000000000017d4df        0x1 
 .rodata.str1.8
                0x000000000017d4e0     0x9351 /tmp/cc3ig9el.o
                                       0x4620 (size before relaxing)
 *fill*         0x0000000000186831        0x7 
 .rodata.cst8   0x0000000000186838      0x370 /tmp/cc3ig9el.o
                                        0x168 (size before relaxing)
 *fill*         0x0000000000186ba8        0x8 
 .rodata.cst16  0x0000000000186bb0      0x340 /tmp/cc3ig9el.o
                                         0x60 (size before relaxing)
 .rodata.str1.8
                0x0000000000186ef0      0x1ee /tmp/ems-close-20260911/gc-diagnostic-build/baseline.o
 .rodata.str1.1
                0x0000000000186ef0      0x3ce /tmp/ems-close-20260911/gc-diagnostic-build/baseline.o
 .rodata        0x0000000000186ef0      0x370 /tmp/ems-close-20260911/gc-diagnostic-build/baseline.o
 .rodata.cst16  0x0000000000187260      0x130 /tmp/ems-close-20260911/gc-diagnostic-build/baseline.o
 .rodata.cst8   0x0000000000187260       0x48 /tmp/ems-close-20260911/gc-diagnostic-build/baseline.o
 .rodata        0x0000000000187260      0x31c /home/jon/src/wt/ouro-gap-20260911/aot/build/libeigsrt.a(parser.o)
 .rodata.str1.8
                0x000000000018757c      0x67e /home/jon/src/wt/ouro-gap-20260911/aot/build/libeigsrt.a(parser.o)
 .rodata.str1.1
                0x000000000018757c       0xc1 /home/jon/src/wt/ouro-gap-20260911/aot/build/libeigsrt.a(parser.o)
 .rodata.cst16  0x000000000018757c       0x70 /home/jon/src/wt/ouro-gap-20260911/aot/build/libeigsrt.a(parser.o)
 .rodata.str1.1
                0x000000000018757c      0xf7e /home/jon/src/wt/ouro-gap-20260911/aot/build/libeigsrt.a(builtins.o)
 .rodata.str1.8
                0x000000000018757c     0x1999 /home/jon/src/wt/ouro-gap-20260911/aot/build/libeigsrt.a(builtins.o)
 .rodata        0x000000000018757c      0x178 /home/jon/src/wt/ouro-gap-20260911/aot/build/libeigsrt.a(builtins.o)
 .rodata.cst8   0x00000000001876f4       0xd8 /home/jon/src/wt/ouro-gap-20260911/aot/build/libeigsrt.a(builtins.o)
 .rodata.cst16  0x00000000001876f4       0x20 /home/jon/src/wt/ouro-gap-20260911/aot/build/libeigsrt.a(builtins.o)
 .rodata.str1.1
                0x00000000001876f4      0x440 /home/jon/src/wt/ouro-gap-20260911/aot/build/libeigsrt.a(builtins_host.o)
 .rodata.str1.8
                0x00000000001876f4      0x8a7 /home/jon/src/wt/ouro-gap-20260911/aot/build/libeigsrt.a(builtins_host.o)
 .rodata.cst8   0x00000000001876f4       0x30 /home/jon/src/wt/ouro-gap-20260911/aot/build/libeigsrt.a(builtins_host.o)
 .rodata.cst16  0x00000000001876f4       0x40 /home/jon/src/wt/ouro-gap-20260911/aot/build/libeigsrt.a(builtins_host.o)
 .rodata.str1.8
                0x00000000001876f4      0x17f /home/jon/src/wt/ouro-gap-20260911/aot/build/libeigsrt.a(builtins_tensor.o)
 .rodata.str1.1
                0x00000000001876f4      0x103 /home/jon/src/wt/ouro-gap-20260911/aot/build/libeigsrt.a(builtins_tensor.o)
 .rodata.cst16  0x00000000001876f4       0x10 /home/jon/src/wt/ouro-gap-20260911/aot/build/libeigsrt.a(builtins_tensor.o)
 .rodata.cst8   0x00000000001876f4       0x40 /home/jon/src/wt/ouro-gap-20260911/aot/build/libeigsrt.a(builtins_tensor.o)
 .rodata.str1.8
                0x00000000001876f4       0x9b /home/jon/src/wt/ouro-gap-20260911/aot/build/libeigsrt.a(hash.o)
 .rodata.str1.1
                0x00000000001876f4       0x9d /home/jon/src/wt/ouro-gap-20260911/aot/build/libeigsrt.a(hash.o)
 *fill*         0x00000000001876f4        0xc 
 .rodata        0x0000000000187700      0x300 /home/jon/src/wt/ouro-gap-20260911/aot/build/libeigsrt.a(hash.o)
 .rodata.cst16  0x0000000000187a00       0x60 /home/jon/src/wt/ouro-gap-20260911/aot/build/libeigsrt.a(hash.o)
 .rodata.cst8   0x0000000000187a00       0x10 /home/jon/src/wt/ouro-gap-20260911/aot/build/libeigsrt.a(hash.o)
 .rodata.str1.8
                0x0000000000187a00       0x32 /home/jon/src/wt/ouro-gap-20260911/aot/build/libeigsrt.a(arena.o)
 .rodata.str1.1
                0x0000000000187a00        0x1 /home/jon/src/wt/ouro-gap-20260911/aot/build/libeigsrt.a(arena.o)
 .rodata.str1.1
                0x0000000000187a00       0x2b /home/jon/src/wt/ouro-gap-20260911/aot/build/libeigsrt.a(state.o)
 .rodata.str1.8
                0x0000000000187a00       0x60 /home/jon/src/wt/ouro-gap-20260911/aot/build/libeigsrt.a(state.o)
 .rodata.cst8   0x0000000000187a00       0x18 /home/jon/src/wt/ouro-gap-20260911/aot/build/libeigsrt.a(state.o)
 .rodata.str1.1
                0x0000000000187a00      0x1b5 /home/jon/src/wt/ouro-gap-20260911/aot/build/libeigsrt.a(ext_store.o)
 .rodata        0x0000000000187a00       0x28 /home/jon/src/wt/ouro-gap-20260911/aot/build/libeigsrt.a(ext_store.o)
 .rodata.str1.8
                0x0000000000187a28      0x8a9 /home/jon/src/wt/ouro-gap-20260911/aot/build/libeigsrt.a(ext_store.o)
 .rodata.cst16  0x0000000000187a28       0x10 /home/jon/src/wt/ouro-gap-20260911/aot/build/libeigsrt.a(ext_store.o)
 .rodata.cst8   0x0000000000187a28       0x38 /home/jon/src/wt/ouro-gap-20260911/aot/build/libeigsrt.a(ext_store.o)
 .rodata        0x0000000000187a28      0x540 /home/jon/src/wt/ouro-gap-20260911/aot/build/libeigsrt.a(chunk.o)
 .rodata.str1.1
                0x0000000000187f68      0x5af /home/jon/src/wt/ouro-gap-20260911/aot/build/libeigsrt.a(chunk.o)
 .rodata.str1.8
                0x0000000000187f68      0x193 /home/jon/src/wt/ouro-gap-20260911/aot/build/libeigsrt.a(chunk.o)
 *fill*         0x0000000000187f68       0x18 
 .rodata        0x0000000000187f80      0x63d /home/jon/src/wt/ouro-gap-20260911/aot/build/libeigsrt.a(compiler.o)
 .rodata.str1.8
                0x00000000001885bd      0x445 /home/jon/src/wt/ouro-gap-20260911/aot/build/libeigsrt.a(compiler.o)
 .rodata.str1.1
                0x00000000001885bd      0x17c /home/jon/src/wt/ouro-gap-20260911/aot/build/libeigsrt.a(compiler.o)
 .rodata.cst8   0x00000000001885bd        0x8 /home/jon/src/wt/ouro-gap-20260911/aot/build/libeigsrt.a(compiler.o)
 .rodata.str1.1
                0x00000000001885bd      0x322 /home/jon/src/wt/ouro-gap-20260911/aot/build/libeigsrt.a(vm.o)
 .rodata.str1.8
                0x00000000001885bd      0xc0a /home/jon/src/wt/ouro-gap-20260911/aot/build/libeigsrt.a(vm.o)
 *fill*         0x00000000001885bd        0x3 
 .rodata        0x00000000001885c0      0x1ac /home/jon/src/wt/ouro-gap-20260911/aot/build/libeigsrt.a(vm.o)
 .rodata.cst8   0x000000000018876c       0x20 /home/jon/src/wt/ouro-gap-20260911/aot/build/libeigsrt.a(vm.o)
 .rodata.cst16  0x000000000018876c       0x80 /home/jon/src/wt/ouro-gap-20260911/aot/build/libeigsrt.a(vm.o)
 .rodata        0x000000000018876c      0x29d /home/jon/src/wt/ouro-gap-20260911/aot/build/libeigsrt.a(jit.o)
 .rodata.str1.1
                0x0000000000188a09      0x200 /home/jon/src/wt/ouro-gap-20260911/aot/build/libeigsrt.a(jit.o)
 .rodata.str1.8
                0x0000000000188a09      0x25e /home/jon/src/wt/ouro-gap-20260911/aot/build/libeigsrt.a(jit.o)
 .rodata.cst8   0x0000000000188a09       0xc8 /home/jon/src/wt/ouro-gap-20260911/aot/build/libeigsrt.a(jit.o)
 .rodata.cst16  0x0000000000188a09       0x70 /home/jon/src/wt/ouro-gap-20260911/aot/build/libeigsrt.a(jit.o)
 .rodata.cst4   0x0000000000188a09        0xc /home/jon/src/wt/ouro-gap-20260911/aot/build/libeigsrt.a(jit.o)
 .rodata.str1.8
                0x0000000000188a09      0x338 /home/jon/src/wt/ouro-gap-20260911/aot/build/libeigsrt.a(trace.o)
 .rodata.str1.1
                0x0000000000188a09       0xf2 /home/jon/src/wt/ouro-gap-20260911/aot/build/libeigsrt.a(trace.o)
 *fill*         0x0000000000188a09        0x3 
 .rodata        0x0000000000188a0c       0xa0 /home/jon/src/wt/ouro-gap-20260911/aot/build/libeigsrt.a(trace.o)
 .rodata.cst8   0x0000000000188aac        0x8 /home/jon/src/wt/ouro-gap-20260911/aot/build/libeigsrt.a(trace.o)
 .rodata.str1.1
                0x0000000000188aac        0x4 /home/jon/src/wt/ouro-gap-20260911/aot/build/libeigsrt.a(eigs_embed.o)
 .rodata.str1.8
                0x0000000000188aac       0xc3 /home/jon/src/wt/ouro-gap-20260911/aot/build/libeigsrt.a(eigs_embed.o)
 .rodata        0x0000000000188aac       0x24 /home/jon/src/wt/ouro-gap-20260911/aot/build/libeigsrt.a(eigs_embed.o)
 .rodata.str1.1
                0x0000000000188ad0      0x2f8 /home/jon/src/wt/ouro-gap-20260911/aot/build/libeigsrt.a(lexer.o)
 .rodata.str1.8
                0x0000000000188ad0      0x259 /home/jon/src/wt/ouro-gap-20260911/aot/build/libeigsrt.a(lexer.o)
 .rodata        0x0000000000188ad0      0x320 /home/jon/src/wt/ouro-gap-20260911/aot/build/libeigsrt.a(lexer.o)
 .rodata.cst8   0x0000000000188df0        0x8 /home/jon/src/wt/ouro-gap-20260911/aot/build/libeigsrt.a(lexer.o)

.rodata1
 *(.rodata1)

.eh_frame_hdr   0x0000000000188df0     0x2434
 *(.eh_frame_hdr)
 .eh_frame_hdr  0x0000000000188df0     0x2434 /usr/lib/gcc/x86_64-linux-gnu/13/../../../x86_64-linux-gnu/Scrt1.o
                0x0000000000188df0                __GNU_EH_FRAME_HDR
 *(.eh_frame_entry .eh_frame_entry.*)

.eh_frame       0x000000000018b228     0xfdd8
 *(.eh_frame)
 .eh_frame      0x000000000018b228       0x30 /usr/lib/gcc/x86_64-linux-gnu/13/../../../x86_64-linux-gnu/Scrt1.o
                                         0x2c (size before relaxing)
 *fill*         0x000000000018b258        0x0 
 .eh_frame      0x000000000018b258       0x28 /usr/lib/gcc/x86_64-linux-gnu/13/../../../x86_64-linux-gnu/Scrt1.o
                                         0x40 (size before relaxing)
 .eh_frame      0x000000000018b280       0x18 /usr/lib/gcc/x86_64-linux-gnu/13/../../../x86_64-linux-gnu/Scrt1.o
                                         0x30 (size before relaxing)
 .eh_frame      0x000000000018b298       0x18 /usr/lib/gcc/x86_64-linux-gnu/13/../../../x86_64-linux-gnu/Scrt1.o
                                         0x30 (size before relaxing)
 .eh_frame      0x000000000018b2b0     0x46d8 /tmp/cc3ig9el.o
                                       0x46f0 (size before relaxing)
 .eh_frame      0x000000000018f988     0x2290 /tmp/ems-close-20260911/gc-diagnostic-build/baseline.o
                                       0x22a8 (size before relaxing)
 .eh_frame      0x0000000000191c18      0x710 /home/jon/src/wt/ouro-gap-20260911/aot/build/libeigsrt.a(parser.o)
                                        0x728 (size before relaxing)
 .eh_frame      0x0000000000192328     0x2c80 /home/jon/src/wt/ouro-gap-20260911/aot/build/libeigsrt.a(builtins.o)
                                       0x2c98 (size before relaxing)
 .eh_frame      0x0000000000194fa8      0xb10 /home/jon/src/wt/ouro-gap-20260911/aot/build/libeigsrt.a(builtins_host.o)
                                        0xb28 (size before relaxing)
 .eh_frame      0x0000000000195ab8      0xf78 /home/jon/src/wt/ouro-gap-20260911/aot/build/libeigsrt.a(builtins_tensor.o)
                                        0xf90 (size before relaxing)
 .eh_frame      0x0000000000196a30      0x350 /home/jon/src/wt/ouro-gap-20260911/aot/build/libeigsrt.a(hash.o)
                                        0x368 (size before relaxing)
 .eh_frame      0x0000000000196d80      0x278 /home/jon/src/wt/ouro-gap-20260911/aot/build/libeigsrt.a(arena.o)
                                        0x290 (size before relaxing)
 .eh_frame      0x0000000000196ff8      0x130 /home/jon/src/wt/ouro-gap-20260911/aot/build/libeigsrt.a(state.o)
                                        0x148 (size before relaxing)
 .eh_frame      0x0000000000197128      0x1e0 /home/jon/src/wt/ouro-gap-20260911/aot/build/libeigsrt.a(strbuf.o)
                                        0x1f8 (size before relaxing)
 .eh_frame      0x0000000000197308      0x830 /home/jon/src/wt/ouro-gap-20260911/aot/build/libeigsrt.a(ext_store.o)
                                        0x848 (size before relaxing)
 .eh_frame      0x0000000000197b38      0x518 /home/jon/src/wt/ouro-gap-20260911/aot/build/libeigsrt.a(chunk.o)
                                        0x530 (size before relaxing)
 .eh_frame      0x0000000000198050      0xb08 /home/jon/src/wt/ouro-gap-20260911/aot/build/libeigsrt.a(compiler.o)
                                        0xb20 (size before relaxing)
 .eh_frame      0x0000000000198b58     0x1240 /home/jon/src/wt/ouro-gap-20260911/aot/build/libeigsrt.a(vm.o)
                                       0x1258 (size before relaxing)
 .eh_frame      0x0000000000199d98      0x3d8 /home/jon/src/wt/ouro-gap-20260911/aot/build/libeigsrt.a(jit.o)
                                        0x3f0 (size before relaxing)
 .eh_frame      0x000000000019a170      0x978 /home/jon/src/wt/ouro-gap-20260911/aot/build/libeigsrt.a(trace.o)
                                        0x990 (size before relaxing)
 .eh_frame      0x000000000019aae8      0x470 /home/jon/src/wt/ouro-gap-20260911/aot/build/libeigsrt.a(eigs_embed.o)
                                        0x488 (size before relaxing)
 .eh_frame      0x000000000019af58       0x90 /home/jon/src/wt/ouro-gap-20260911/aot/build/libeigsrt.a(lexer.o)
                                         0xa8 (size before relaxing)
 .eh_frame      0x000000000019afe8       0x14 /usr/lib/x86_64-linux-gnu/libc_nonshared.a(atexit.oS)
                                         0x30 (size before relaxing)
 .eh_frame      0x000000000019affc        0x4 /usr/lib/gcc/x86_64-linux-gnu/13/crtendS.o
 *(.eh_frame.*)

.sframe         0x000000000019b000        0x0
 *(.sframe)
 .sframe        0x000000000019b000        0x0 /usr/lib/gcc/x86_64-linux-gnu/13/../../../x86_64-linux-gnu/Scrt1.o
 .sframe        0x000000000019b000        0x0 /usr/lib/gcc/x86_64-linux-gnu/13/../../../x86_64-linux-gnu/Scrt1.o
 *(.sframe.*)

.gcc_except_table
 *(.gcc_except_table .gcc_except_table.*)

.gnu_extab
 *(.gnu_extab*)

.exception_ranges
 *(.exception_ranges*)
                0x000000000019bde0                . = DATA_SEGMENT_ALIGN (CONSTANT (MAXPAGESIZE), CONSTANT (COMMONPAGESIZE))

.eh_frame
 *(.eh_frame)
 *(.eh_frame.*)

.sframe
 *(.sframe)
 *(.sframe.*)

.gnu_extab
 *(.gnu_extab)

.gcc_except_table
 *(.gcc_except_table .gcc_except_table.*)

.exception_ranges
 *(.exception_ranges*)

.tdata          0x000000000019bde0        0x8
                [!provide]                        PROVIDE (__tdata_start = .)
 *(.tdata .tdata.* .gnu.linkonce.td.*)
 .tdata         0x000000000019bde0        0x4 /home/jon/src/wt/ouro-gap-20260911/aot/build/libeigsrt.a(parser.o)
 .tdata         0x000000000019bde4        0x4 /home/jon/src/wt/ouro-gap-20260911/aot/build/libeigsrt.a(compiler.o)
                0x000000000019bde4                g_obs_mute_saved_fd

.tbss           0x000000000019bde8      0x850
 *(.tbss .tbss.* .gnu.linkonce.tb.*)
 .tbss          0x000000000019bde8       0x10 /tmp/cc3ig9el.o
 .tbss          0x000000000019bdf8        0x4 /home/jon/src/wt/ouro-gap-20260911/aot/build/libeigsrt.a(parser.o)
 .tbss          0x000000000019bdfc        0xc /home/jon/src/wt/ouro-gap-20260911/aot/build/libeigsrt.a(builtins.o)
 .tbss          0x000000000019be08        0x8 /home/jon/src/wt/ouro-gap-20260911/aot/build/libeigsrt.a(state.o)
                0x000000000019be08                eigs_current
 .tbss          0x000000000019be10       0x18 /home/jon/src/wt/ouro-gap-20260911/aot/build/libeigsrt.a(compiler.o)
 .tbss          0x000000000019be28      0x810 /home/jon/src/wt/ouro-gap-20260911/aot/build/libeigsrt.a(vm.o)
 *(.tcommon)

.preinit_array  0x000000000019bde8        0x0
                [!provide]                        PROVIDE (__preinit_array_start = .)
 *(.preinit_array)
                [!provide]                        PROVIDE (__preinit_array_end = .)

.init_array     0x000000000019bde8       0x10
                [!provide]                        PROVIDE (__init_array_start = .)
 *(SORT_BY_INIT_PRIORITY(.init_array.*) SORT_BY_INIT_PRIORITY(.ctors.*))
 *(.init_array EXCLUDE_FILE(*crtend?.o *crtend.o *crtbegin?.o *crtbegin.o) .ctors)
 .init_array    0x000000000019bde8        0x8 /usr/lib/gcc/x86_64-linux-gnu/13/crtbeginS.o
 .init_array    0x000000000019bdf0        0x8 /home/jon/src/wt/ouro-gap-20260911/aot/build/libeigsrt.a(jit.o)
                [!provide]                        PROVIDE (__init_array_end = .)

.fini_array     0x000000000019bdf8        0x8
                [!provide]                        PROVIDE (__fini_array_start = .)
 *(SORT_BY_INIT_PRIORITY(.fini_array.*) SORT_BY_INIT_PRIORITY(.dtors.*))
 *(.fini_array EXCLUDE_FILE(*crtend?.o *crtend.o *crtbegin?.o *crtbegin.o) .dtors)
 .fini_array    0x000000000019bdf8        0x8 /usr/lib/gcc/x86_64-linux-gnu/13/crtbeginS.o
                [!provide]                        PROVIDE (__fini_array_end = .)

.ctors
 *crtbegin.o(.ctors)
 *crtbegin?.o(.ctors)
 *(EXCLUDE_FILE(*crtend?.o *crtend.o) .ctors)
 *(SORT_BY_NAME(.ctors.*))
 *(.ctors)

.dtors
 *crtbegin.o(.dtors)
 *crtbegin?.o(.dtors)
 *(EXCLUDE_FILE(*crtend?.o *crtend.o) .dtors)
 *(SORT_BY_NAME(.dtors.*))
 *(.dtors)

.jcr
 *(.jcr)

.data.rel.ro    0x000000000019be00      0xb90
 *(.data.rel.ro.local* .gnu.linkonce.d.rel.ro.local.*)
 .data.rel.ro.local
                0x000000000019be00       0x70 /tmp/ems-close-20260911/gc-diagnostic-build/baseline.o
 *fill*         0x000000000019be70       0x10 
 .data.rel.ro.local
                0x000000000019be80      0x748 /home/jon/src/wt/ouro-gap-20260911/aot/build/libeigsrt.a(builtins.o)
 *fill*         0x000000000019c5c8       0x18 
 .data.rel.ro.local
                0x000000000019c5e0       0x50 /home/jon/src/wt/ouro-gap-20260911/aot/build/libeigsrt.a(chunk.o)
 *fill*         0x000000000019c630       0x10 
 .data.rel.ro.local
                0x000000000019c640       0x50 /home/jon/src/wt/ouro-gap-20260911/aot/build/libeigsrt.a(compiler.o)
 *fill*         0x000000000019c690       0x10 
 .data.rel.ro.local
                0x000000000019c6a0      0x2f0 /home/jon/src/wt/ouro-gap-20260911/aot/build/libeigsrt.a(vm.o)
 *(.data.rel.ro .data.rel.ro.* .gnu.linkonce.d.rel.ro.*)
 .data.rel.ro   0x000000000019c990        0x0 /usr/lib/gcc/x86_64-linux-gnu/13/../../../x86_64-linux-gnu/Scrt1.o

.dynamic        0x000000000019c990      0x200
 *(.dynamic)
 .dynamic       0x000000000019c990      0x200 /usr/lib/gcc/x86_64-linux-gnu/13/../../../x86_64-linux-gnu/Scrt1.o
                0x000000000019c990                _DYNAMIC

.got            0x000000000019cb90      0x468
 *(.got.plt)
 .got.plt       0x000000000019cb90      0x420 /usr/lib/gcc/x86_64-linux-gnu/13/../../../x86_64-linux-gnu/Scrt1.o
                0x000000000019cb90                _GLOBAL_OFFSET_TABLE_
 *(.igot.plt)
 *(.got)
 .got           0x000000000019cfb0       0x48 /usr/lib/gcc/x86_64-linux-gnu/13/../../../x86_64-linux-gnu/Scrt1.o
 *(.igot)
                0x000000000019d000                . = DATA_SEGMENT_RELRO_END (., 0x0)

.data           0x000000000019d000     0x1cc4
 *(.data .data.* .gnu.linkonce.d.*)
 .data          0x000000000019d000        0x4 /usr/lib/gcc/x86_64-linux-gnu/13/../../../x86_64-linux-gnu/Scrt1.o
                0x000000000019d000                data_start
                0x000000000019d000                __data_start
 .data          0x000000000019d004        0x0 /usr/lib/gcc/x86_64-linux-gnu/13/../../../x86_64-linux-gnu/crti.o
 .data          0x000000000019d004        0x0 /usr/lib/gcc/x86_64-linux-gnu/13/crtbeginS.o
 *fill*         0x000000000019d004        0x4 
 .data.rel.local
                0x000000000019d008        0x8 /usr/lib/gcc/x86_64-linux-gnu/13/crtbeginS.o
                0x000000000019d008                __dso_handle
 .data          0x000000000019d010     0x1c38 /tmp/cc3ig9el.o
 *fill*         0x000000000019ec48       0x18 
 .data          0x000000000019ec60       0x48 /tmp/ems-close-20260911/gc-diagnostic-build/baseline.o
 .data          0x000000000019eca8        0x0 /home/jon/src/wt/ouro-gap-20260911/aot/build/libeigsrt.a(parser.o)
 .data          0x000000000019eca8        0x0 /home/jon/src/wt/ouro-gap-20260911/aot/build/libeigsrt.a(builtins.o)
 .data          0x000000000019eca8        0x0 /home/jon/src/wt/ouro-gap-20260911/aot/build/libeigsrt.a(builtins_host.o)
 .data          0x000000000019eca8        0x0 /home/jon/src/wt/ouro-gap-20260911/aot/build/libeigsrt.a(builtins_tensor.o)
 .data          0x000000000019eca8        0x0 /home/jon/src/wt/ouro-gap-20260911/aot/build/libeigsrt.a(hash.o)
 .data          0x000000000019eca8        0x0 /home/jon/src/wt/ouro-gap-20260911/aot/build/libeigsrt.a(arena.o)
 .data          0x000000000019eca8        0x0 /home/jon/src/wt/ouro-gap-20260911/aot/build/libeigsrt.a(state.o)
 .data          0x000000000019eca8        0x0 /home/jon/src/wt/ouro-gap-20260911/aot/build/libeigsrt.a(strbuf.o)
 .data          0x000000000019eca8        0x0 /home/jon/src/wt/ouro-gap-20260911/aot/build/libeigsrt.a(ext_store.o)
 .data          0x000000000019eca8        0x0 /home/jon/src/wt/ouro-gap-20260911/aot/build/libeigsrt.a(chunk.o)
 .data          0x000000000019eca8        0x4 /home/jon/src/wt/ouro-gap-20260911/aot/build/libeigsrt.a(compiler.o)
 .data          0x000000000019ecac        0x0 /home/jon/src/wt/ouro-gap-20260911/aot/build/libeigsrt.a(vm.o)
 *fill*         0x000000000019ecac        0x4 
 .data.rel.local
                0x000000000019ecb0        0x8 /home/jon/src/wt/ouro-gap-20260911/aot/build/libeigsrt.a(vm.o)
                0x000000000019ecb0                g_vm_abort_flag
 .data          0x000000000019ecb8        0x0 /home/jon/src/wt/ouro-gap-20260911/aot/build/libeigsrt.a(jit.o)
 .data          0x000000000019ecb8        0xc /home/jon/src/wt/ouro-gap-20260911/aot/build/libeigsrt.a(trace.o)
 .data          0x000000000019ecc4        0x0 /home/jon/src/wt/ouro-gap-20260911/aot/build/libeigsrt.a(eigs_embed.o)
 .data          0x000000000019ecc4        0x0 /home/jon/src/wt/ouro-gap-20260911/aot/build/libeigsrt.a(lexer.o)
 .data          0x000000000019ecc4        0x0 /usr/lib/x86_64-linux-gnu/libc_nonshared.a(atexit.oS)
 .data          0x000000000019ecc4        0x0 /usr/lib/gcc/x86_64-linux-gnu/13/crtendS.o
 .data          0x000000000019ecc4        0x0 /usr/lib/gcc/x86_64-linux-gnu/13/../../../x86_64-linux-gnu/crtn.o

.tm_clone_table
                0x000000000019ecc8        0x0
 .tm_clone_table
                0x000000000019ecc8        0x0 /usr/lib/gcc/x86_64-linux-gnu/13/crtbeginS.o
 .tm_clone_table
                0x000000000019ecc8        0x0 /usr/lib/gcc/x86_64-linux-gnu/13/crtendS.o

.data1
 *(.data1)
                0x000000000019ecc4                _edata = .
                [!provide]                        PROVIDE (edata = .)
                0x000000000019ecc8                . = ALIGN (ALIGNOF (NEXT_SECTION))
                0x000000000019ece0                __bss_start = .

.bss            0x000000000019ece0    0x2fee0
 *(.dynbss)
 .dynbss        0x000000000019ece0       0x28 /usr/lib/gcc/x86_64-linux-gnu/13/../../../x86_64-linux-gnu/Scrt1.o
                0x000000000019ece0                stdout@@GLIBC_2.2.5
                0x000000000019ecf0                stdin@@GLIBC_2.2.5
                0x000000000019ed00                stderr@@GLIBC_2.2.5
 *(.bss .bss.* .gnu.linkonce.b.*)
 .bss           0x000000000019ed08        0x0 /usr/lib/gcc/x86_64-linux-gnu/13/../../../x86_64-linux-gnu/Scrt1.o
 .bss           0x000000000019ed08        0x0 /usr/lib/gcc/x86_64-linux-gnu/13/../../../x86_64-linux-gnu/crti.o
 .bss           0x000000000019ed08        0x1 /usr/lib/gcc/x86_64-linux-gnu/13/crtbeginS.o
 *fill*         0x000000000019ed09       0x17 
 .bss           0x000000000019ed20    0x26a94 /tmp/cc3ig9el.o
 *fill*         0x00000000001c57b4        0xc 
 .bss           0x00000000001c57c0     0x81b8 /tmp/ems-close-20260911/gc-diagnostic-build/baseline.o
 .bss           0x00000000001cd978        0x8 /home/jon/src/wt/ouro-gap-20260911/aot/build/libeigsrt.a(parser.o)
 .bss           0x00000000001cd980       0x14 /home/jon/src/wt/ouro-gap-20260911/aot/build/libeigsrt.a(builtins.o)
                0x00000000001cd980                g_argv
                0x00000000001cd988                g_argc
 *fill*         0x00000000001cd994        0xc 
 .bss           0x00000000001cd9a0       0x5c /home/jon/src/wt/ouro-gap-20260911/aot/build/libeigsrt.a(builtins_host.o)
 .bss           0x00000000001cd9fc        0x0 /home/jon/src/wt/ouro-gap-20260911/aot/build/libeigsrt.a(builtins_tensor.o)
 .bss           0x00000000001cd9fc        0x0 /home/jon/src/wt/ouro-gap-20260911/aot/build/libeigsrt.a(hash.o)
 .bss           0x00000000001cd9fc        0x0 /home/jon/src/wt/ouro-gap-20260911/aot/build/libeigsrt.a(arena.o)
 *fill*         0x00000000001cd9fc        0x4 
 .bss           0x00000000001cda00       0x48 /home/jon/src/wt/ouro-gap-20260911/aot/build/libeigsrt.a(state.o)
 .bss           0x00000000001cda48        0x0 /home/jon/src/wt/ouro-gap-20260911/aot/build/libeigsrt.a(strbuf.o)
 .bss           0x00000000001cda48        0x0 /home/jon/src/wt/ouro-gap-20260911/aot/build/libeigsrt.a(ext_store.o)
 .bss           0x00000000001cda48        0x0 /home/jon/src/wt/ouro-gap-20260911/aot/build/libeigsrt.a(chunk.o)
 .bss           0x00000000001cda48        0x4 /home/jon/src/wt/ouro-gap-20260911/aot/build/libeigsrt.a(compiler.o)
                0x00000000001cda48                g_compile_module_slots
 *fill*         0x00000000001cda4c        0x4 
 .bss           0x00000000001cda50       0x20 /home/jon/src/wt/ouro-gap-20260911/aot/build/libeigsrt.a(vm.o)
                0x00000000001cda50                g_vm_abort_never
                0x00000000001cda54                g_eigs_sigusr1_pending
 *fill*         0x00000000001cda70       0x10 
 .bss           0x00000000001cda80       0x64 /home/jon/src/wt/ouro-gap-20260911/aot/build/libeigsrt.a(jit.o)
 *fill*         0x00000000001cdae4       0x1c 
 .bss           0x00000000001cdb00     0x10b0 /home/jon/src/wt/ouro-gap-20260911/aot/build/libeigsrt.a(trace.o)
                0x00000000001cdb00                g_trace_current_line
                0x00000000001cdb04                g_trace_hist_storage
                0x00000000001cdb08                g_trace_obs_hist_storage
                0x00000000001cdb0c                g_replay_enabled
                0x00000000001cdb10                g_trace_enabled
 .bss           0x00000000001cebb0       0x10 /home/jon/src/wt/ouro-gap-20260911/aot/build/libeigsrt.a(eigs_embed.o)
 .bss           0x00000000001cebc0        0x0 /home/jon/src/wt/ouro-gap-20260911/aot/build/libeigsrt.a(lexer.o)
 .bss           0x00000000001cebc0        0x0 /usr/lib/x86_64-linux-gnu/libc_nonshared.a(atexit.oS)
 .bss           0x00000000001cebc0        0x0 /usr/lib/gcc/x86_64-linux-gnu/13/crtendS.o
 .bss           0x00000000001cebc0        0x0 /usr/lib/gcc/x86_64-linux-gnu/13/../../../x86_64-linux-gnu/crtn.o
 *(COMMON)
                0x00000000001cebc0                . = ALIGN ((. != 0x0)?0x8:0x1)

.lbss
 *(.dynlbss)
 *(.lbss .lbss.* .gnu.linkonce.lb.*)
 *(LARGE_COMMON)
                0x00000000001cebc0                . = ALIGN (0x8)
                0x00000000001cebc0                . = SEGMENT_START ("ldata-segment", .)

.lrodata
 *(.lrodata .lrodata.* .gnu.linkonce.lr.*)

.ldata          0x00000000001d0bc0        0x0
 *(.ldata .ldata.* .gnu.linkonce.l.*)
                0x00000000001d0bc0                . = ALIGN ((. != 0x0)?0x8:0x1)
                0x00000000001d0bc0                . = ALIGN (0x8)
                0x00000000001cebc0                _end = .
                [!provide]                        PROVIDE (end = .)
                0x00000000001d0bc0                . = DATA_SEGMENT_END (.)

.stab
 *(.stab)

.stabstr
 *(.stabstr)

.stab.excl
 *(.stab.excl)

.stab.exclstr
 *(.stab.exclstr)

.stab.index
 *(.stab.index)

.stab.indexstr
 *(.stab.indexstr)

.comment        0x0000000000000000       0x2d
 *(.comment)
 .comment       0x0000000000000000       0x2d /usr/lib/gcc/x86_64-linux-gnu/13/crtbeginS.o
                                         0x2e (size before relaxing)
 .comment       0x000000000000002d       0x2e /tmp/cc3ig9el.o
 .comment       0x000000000000002d       0x2e /tmp/ems-close-20260911/gc-diagnostic-build/baseline.o
 .comment       0x000000000000002d       0x2e /home/jon/src/wt/ouro-gap-20260911/aot/build/libeigsrt.a(parser.o)
 .comment       0x000000000000002d       0x2e /home/jon/src/wt/ouro-gap-20260911/aot/build/libeigsrt.a(builtins.o)
 .comment       0x000000000000002d       0x2e /home/jon/src/wt/ouro-gap-20260911/aot/build/libeigsrt.a(builtins_host.o)
 .comment       0x000000000000002d       0x2e /home/jon/src/wt/ouro-gap-20260911/aot/build/libeigsrt.a(builtins_tensor.o)
 .comment       0x000000000000002d       0x2e /home/jon/src/wt/ouro-gap-20260911/aot/build/libeigsrt.a(hash.o)
 .comment       0x000000000000002d       0x2e /home/jon/src/wt/ouro-gap-20260911/aot/build/libeigsrt.a(arena.o)
 .comment       0x000000000000002d       0x2e /home/jon/src/wt/ouro-gap-20260911/aot/build/libeigsrt.a(state.o)
 .comment       0x000000000000002d       0x2e /home/jon/src/wt/ouro-gap-20260911/aot/build/libeigsrt.a(strbuf.o)
 .comment       0x000000000000002d       0x2e /home/jon/src/wt/ouro-gap-20260911/aot/build/libeigsrt.a(ext_store.o)
 .comment       0x000000000000002d       0x2e /home/jon/src/wt/ouro-gap-20260911/aot/build/libeigsrt.a(chunk.o)
 .comment       0x000000000000002d       0x2e /home/jon/src/wt/ouro-gap-20260911/aot/build/libeigsrt.a(compiler.o)
 .comment       0x000000000000002d       0x2e /home/jon/src/wt/ouro-gap-20260911/aot/build/libeigsrt.a(vm.o)
 .comment       0x000000000000002d       0x2e /home/jon/src/wt/ouro-gap-20260911/aot/build/libeigsrt.a(jit.o)
 .comment       0x000000000000002d       0x2e /home/jon/src/wt/ouro-gap-20260911/aot/build/libeigsrt.a(trace.o)
 .comment       0x000000000000002d       0x2e /home/jon/src/wt/ouro-gap-20260911/aot/build/libeigsrt.a(eigs_embed.o)
 .comment       0x000000000000002d       0x2e /home/jon/src/wt/ouro-gap-20260911/aot/build/libeigsrt.a(lexer.o)
 .comment       0x000000000000002d       0x2e /usr/lib/gcc/x86_64-linux-gnu/13/crtendS.o

.gnu.build.attributes
 *(.gnu.build.attributes .gnu.build.attributes.*)

.debug
 *(.debug)

.line
 *(.line)

.debug_srcinfo
 *(.debug_srcinfo)

.debug_sfnames
 *(.debug_sfnames)

.debug_aranges
 *(.debug_aranges)

.debug_pubnames
 *(.debug_pubnames)

.debug_info
 *(.debug_info .gnu.linkonce.wi.*)

.debug_abbrev
 *(.debug_abbrev)

.debug_line
 *(.debug_line .debug_line.* .debug_line_end)

.debug_frame
 *(.debug_frame)

.debug_str
 *(.debug_str)

.debug_loc
 *(.debug_loc)

.debug_macinfo
 *(.debug_macinfo)

.debug_weaknames
 *(.debug_weaknames)

.debug_funcnames
 *(.debug_funcnames)

.debug_typenames
 *(.debug_typenames)

.debug_varnames
 *(.debug_varnames)

.debug_pubtypes
 *(.debug_pubtypes)

.debug_ranges
 *(.debug_ranges)

.debug_addr
 *(.debug_addr)

.debug_line_str
 *(.debug_line_str)

.debug_loclists
 *(.debug_loclists)

.debug_macro
 *(.debug_macro)

.debug_names
 *(.debug_names)

.debug_rnglists
 *(.debug_rnglists)

.debug_str_offsets
 *(.debug_str_offsets)

.debug_sup
 *(.debug_sup)

.gnu.attributes
 *(.gnu.attributes)

/DISCARD/
 *(.note.GNU-stack)
 *(.gnu_debuglink)
 *(.gnu.lto_*)
OUTPUT(/tmp/ems-close-20260911/gc-diagnostic-build/baseline elf64-x86-64)